Component: ARM Compiler 5.06 update 4 (build 422) Tool: armlink [4d35d2]

==============================================================================

Section Cross References

    startup_stm32l071xx.o(RESET) refers to startup_stm32l071xx.o(STACK) for __initial_sp
    startup_stm32l071xx.o(RESET) refers to startup_stm32l071xx.o(.text) for Reset_Handler
    startup_stm32l071xx.o(RESET) refers to stm32l0xx_it.o(i.NMI_Handler) for NMI_Handler
    startup_stm32l071xx.o(RESET) refers to stm32l0xx_it.o(i.HardFault_Handler) for HardFault_Handler
    startup_stm32l071xx.o(RESET) refers to stm32l0xx_it.o(i.SVC_Handler) for SVC_Handler
    startup_stm32l071xx.o(RESET) refers to stm32l0xx_it.o(i.PendSV_Handler) for PendSV_Handler
    startup_stm32l071xx.o(RESET) refers to stm32l0xx_it.o(i.SysTick_Handler) for SysTick_Handler
    startup_stm32l071xx.o(RESET) refers to rtc-board.o(i.RTC_IRQHandler) for RTC_IRQHandler
    startup_stm32l071xx.o(RESET) refers to gpio-board.o(i.EXTI0_1_IRQHandler) for EXTI0_1_IRQHandler
    startup_stm32l071xx.o(RESET) refers to gpio-board.o(i.EXTI2_3_IRQHandler) for EXTI2_3_IRQHandler
    startup_stm32l071xx.o(RESET) refers to gpio-board.o(i.EXTI4_15_IRQHandler) for EXTI4_15_IRQHandler
    startup_stm32l071xx.o(.text) refers to system_stm32l0xx.o(i.SystemInit) for SystemInit
    startup_stm32l071xx.o(.text) refers to entry.o(.ARM.Collect$$$$00000000) for __main
    radio.o(i.RadioGetFskBandwidthRegValue) refers to radio.o(.constdata) for .constdata
    radio.o(i.RadioGetStatus) refers to sx126x.o(i.SX126xGetOperatingMode) for SX126xGetOperatingMode
    radio.o(i.RadioGetWakeupTime) refers to sx1262dvk1das-board.o(i.SX126xGetBoardTcxoWakeupTime) for SX126xGetBoardTcxoWakeupTime
    radio.o(i.RadioInit) refers to sx126x.o(i.SX126xInit) for SX126xInit
    radio.o(i.RadioInit) refers to sx126x.o(i.SX126xSetStandby) for SX126xSetStandby
    radio.o(i.RadioInit) refers to sx126x.o(i.SX126xSetRegulatorMode) for SX126xSetRegulatorMode
    radio.o(i.RadioInit) refers to sx126x.o(i.SX126xSetBufferBaseAddress) for SX126xSetBufferBaseAddress
    radio.o(i.RadioInit) refers to sx126x.o(i.SX126xSetTxParams) for SX126xSetTxParams
    radio.o(i.RadioInit) refers to sx126x.o(i.SX126xSetDioIrqParams) for SX126xSetDioIrqParams
    radio.o(i.RadioInit) refers to timer.o(i.TimerInit) for TimerInit
    radio.o(i.RadioInit) refers to radio.o(.data) for .data
    radio.o(i.RadioInit) refers to radio.o(i.RadioOnDioIrq) for RadioOnDioIrq
    radio.o(i.RadioInit) refers to radio.o(i.RadioOnTxTimeoutIrq) for RadioOnTxTimeoutIrq
    radio.o(i.RadioInit) refers to radio.o(.bss) for .bss
    radio.o(i.RadioInit) refers to radio.o(i.RadioOnRxTimeoutIrq) for RadioOnRxTimeoutIrq
    radio.o(i.RadioIrqProcess) refers to board.o(i.BoardDisableIrq) for BoardDisableIrq
    radio.o(i.RadioIrqProcess) refers to board.o(i.BoardEnableIrq) for BoardEnableIrq
    radio.o(i.RadioIrqProcess) refers to sx126x.o(i.SX126xGetIrqStatus) for SX126xGetIrqStatus
    radio.o(i.RadioIrqProcess) refers to sx126x.o(i.SX126xClearIrqStatus) for SX126xClearIrqStatus
    radio.o(i.RadioIrqProcess) refers to timer.o(i.TimerStop) for TimerStop
    radio.o(i.RadioIrqProcess) refers to sx126x.o(i.SX126xGetPayload) for SX126xGetPayload
    radio.o(i.RadioIrqProcess) refers to sx126x.o(i.SX126xGetPacketStatus) for SX126xGetPacketStatus
    radio.o(i.RadioIrqProcess) refers to sx126x.o(i.SX126xGetOperatingMode) for SX126xGetOperatingMode
    radio.o(i.RadioIrqProcess) refers to radio.o(.data) for .data
    radio.o(i.RadioIrqProcess) refers to radio.o(.bss) for .bss
    radio.o(i.RadioIsChannelFree) refers to radio.o(i.RadioSetModem) for RadioSetModem
    radio.o(i.RadioIsChannelFree) refers to sx126x.o(i.SX126xSetRfFrequency) for SX126xSetRfFrequency
    radio.o(i.RadioIsChannelFree) refers to radio.o(i.RadioRx) for RadioRx
    radio.o(i.RadioIsChannelFree) refers to delay.o(i.DelayMs) for DelayMs
    radio.o(i.RadioIsChannelFree) refers to timer.o(i.TimerGetCurrentTime) for TimerGetCurrentTime
    radio.o(i.RadioIsChannelFree) refers to sx126x.o(i.SX126xGetRssiInst) for SX126xGetRssiInst
    radio.o(i.RadioIsChannelFree) refers to timer.o(i.TimerGetElapsedTime) for TimerGetElapsedTime
    radio.o(i.RadioIsChannelFree) refers to radio.o(i.RadioSleep) for RadioSleep
    radio.o(i.RadioOnDioIrq) refers to radio.o(i.RadioIrqProcess) for RadioIrqProcess
    radio.o(i.RadioOnDioIrq) refers to radio.o(.data) for .data
    radio.o(i.RadioOnRxTimeoutIrq) refers to radio.o(.data) for .data
    radio.o(i.RadioOnTxTimeoutIrq) refers to radio.o(.data) for .data
    radio.o(i.RadioRandom) refers to radio.o(i.RadioSetModem) for RadioSetModem
    radio.o(i.RadioRandom) refers to sx126x.o(i.SX126xSetRx) for SX126xSetRx
    radio.o(i.RadioRandom) refers to delay.o(i.DelayMs) for DelayMs
    radio.o(i.RadioRandom) refers to sx126x.o(i.SX126xGetRssiInst) for SX126xGetRssiInst
    radio.o(i.RadioRandom) refers to radio.o(i.RadioSleep) for RadioSleep
[...]
    Mic                                      0x20000840   Data          16  loramaccrypto.o(.bss)
    AesContext                               0x20000850   Data         241  loramaccrypto.o(.bss)
    AesCmacCtx                               0x20000944   Data         280  loramaccrypto.o(.bss)
    .bss                                     0x20000a5c   Section      192  regioneu868.o(.bss)
    Channels                                 0x20000a5c   Data         192  regioneu868.o(.bss)
    .bss                                     0x20000b1c   Section       64  gpio-board.o(.bss)
    GpioIrq                                  0x20000b1c   Data          64  gpio-board.o(.bss)
    .bss                                     0x20000b5c   Section       60  rtc-board.o(.bss)
    .bss                                     0x20000b98   Section      176  spi-board.o(.bss)
    SpiHandle                                0x20000b98   Data         176  spi-board.o(.bss)
    .bss                                     0x20000c48   Section       24  sx1262dvk1das-board.o(.bss)
    .bss                                     0x20000c60   Section       20  main.o(.bss)
    Led2Timer                                0x20000c60   Data          20  main.o(.bss)
    .bss                                     0x20000c74   Section      128  usart.o(.bss)
    STACK                                    0x20000cf8   Section     1024  startup_stm32l071xx.o(STACK)

    Global Symbols

    Symbol Name                              Value     Ov Type        Size  Object(Section)

    BuildAttributes$$THM_ISAv3M$S$PE$A:L22$X:L11$S22$IEEE1$IW$USESV6$~STKCKD$USESV7$~SHL$OTIME$ROPI$IEEEJ$EBA8$MICROLIB$REQ8$PRES8$EABIv2 0x00000000   Number         0  anon$$obj.o ABSOLUTE
    __ARM_use_no_argv                        0x00000000   Number         0  main.o ABSOLUTE
    _printf_a                                0x00000000   Number         0  stubs.o ABSOLUTE
    _printf_c                                0x00000000   Number         0  stubs.o ABSOLUTE
    _printf_charcount                        0x00000000   Number         0  stubs.o ABSOLUTE
    _printf_d                                0x00000000   Number         0  stubs.o ABSOLUTE
    _printf_e                                0x00000000   Number         0  stubs.o ABSOLUTE
    _printf_f                                0x00000000   Number         0  stubs.o ABSOLUTE
    _printf_flags                            0x00000000   Number         0  stubs.o ABSOLUTE
    _printf_fp_dec                           0x00000000   Number         0  stubs.o ABSOLUTE
    _printf_fp_hex                           0x00000000   Number         0  stubs.o ABSOLUTE
    _printf_g                                0x00000000   Number         0  stubs.o ABSOLUTE
    _printf_i                                0x00000000   Number         0  stubs.o ABSOLUTE
    _printf_int_dec                          0x00000000   Number         0  stubs.o ABSOLUTE
    _printf_l                                0x00000000   Number         0  stubs.o ABSOLUTE
    _printf_lc                               0x00000000   Number         0  stubs.o ABSOLUTE
    _printf_ll                               0x00000000   Number         0  stubs.o ABSOLUTE
    _printf_lld                              0x00000000   Number         0  stubs.o ABSOLUTE
    _printf_lli                              0x00000000   Number         0  stubs.o ABSOLUTE
    _printf_llo                              0x00000000   Number         0  stubs.o ABSOLUTE
    _printf_llu                              0x00000000   Number         0  stubs.o ABSOLUTE
    _printf_llx                              0x00000000   Number         0  stubs.o ABSOLUTE
    _printf_longlong_dec                     0x00000000   Number         0  stubs.o ABSOLUTE
    _printf_longlong_hex                     0x00000000   Number         0  stubs.o ABSOLUTE
    _printf_longlong_oct                     0x00000000   Number         0  stubs.o ABSOLUTE
    _printf_ls                               0x00000000   Number         0  stubs.o ABSOLUTE
    _printf_mbtowc                           0x00000000   Number         0  stubs.o ABSOLUTE
    _printf_n                                0x00000000   Number         0  stubs.o ABSOLUTE
    _printf_o                                0x00000000   Number         0  stubs.o ABSOLUTE
    _printf_p                                0x00000000   Number         0  stubs.o ABSOLUTE
    _printf_percent                          0x00000000   Number         0  stubs.o ABSOLUTE
    _printf_pre_padding                      0x00000000   Number         0  stubs.o ABSOLUTE
    _printf_return_value                     0x00000000   Number         0  stubs.o ABSOLUTE
    _printf_s                                0x00000000   Number         0  stubs.o ABSOLUTE
    _printf_sizespec                         0x00000000   Number         0  stubs.o ABSOLUTE
    _printf_str                              0x00000000   Number         0  stubs.o ABSOLUTE
    _printf_truncate_signed                  0x00000000   Number         0  stubs.o ABSOLUTE
    _printf_truncate_unsigned                0x00000000   Number         0  stubs.o ABSOLUTE
    _printf_u                                0x00000000   Number         0  stubs.o ABSOLUTE
    _printf_wc                               0x00000000   Number         0  stubs.o ABSOLUTE
    _printf_wctomb                           0x00000000   Number         0  stubs.o ABSOLUTE
    _printf_widthprec                        0x00000000   Number         0  stubs.o ABSOLUTE
    _printf_x                                0x00000000   Number         0  stubs.o ABSOLUTE
    __cpp_initialize__aeabi_                  - Undefined Weak Reference
    __cxa_finalize                            - Undefined Weak Reference
    _clock_init                               - Undefined Weak Reference
    _microlib_exit                            - Undefined Weak Reference
    __Vectors_Size                           0x000000c0   Number         0  startup_stm32l071xx.o ABSOLUTE
    __Vectors                                0x08000000   Data           4  startup_stm32l071xx.o(RESET)
    __Vectors_End                            0x080000c0   Data           0  startup_stm32l071xx.o(RESET)
    __main                                   0x080000c1   Thumb Code     0  entry.o(.ARM.Collect$$$$00000000)
    _main_stk                                0x080000c1   Thumb Code     0  entry2.o(.ARM.Collect$$$$00000001)
    _main_scatterload                        0x080000c5   Thumb Code     0  entry5.o(.ARM.Collect$$$$00000004)
    __main_after_scatterload                 0x080000c9   Thumb Code     0  entry5.o(.ARM.Collect$$$$00000004)
    _main_clock                              0x080000c9   Thumb Code     0  entry7b.o(.ARM.Collect$$$$00000008)
    _main_cpp_init                           0x080000c9   Thumb Code     0  entry8b.o(.ARM.Collect$$$$0000000A)
    _main_init                               0x080000c9   Thumb Code     0  entry9a.o(.ARM.Collect$$$$0000000B)
    __rt_final_cpp                           0x080000d1   Thumb Code     0  entry10a.o(.ARM.Collect$$$$0000000D)
    __rt_final_exit                          0x080000d1   Thumb Code     0  entry11a.o(.ARM.Collect$$$$0000000F)
    Reset_Handler                            0x080000d5   Thumb Code     8  startup_stm32l071xx.o(.text)
    ADC1_COMP_IRQHandler                     0x080000e7   Thumb Code     0  startup_stm32l071xx.o(.text)
    DMA1_Channel1_IRQHandler                 0x080000e7   Thumb Code     0  startup_stm32l071xx.o(.text)
    DMA1_Channel2_3_IRQHandler               0x080000e7   Thumb Code     0  startup_stm32l071xx.o(.text)
    DMA1_Channel4_5_6_7_IRQHandler           0x080000e7   Thumb Code     0  startup_stm32l071xx.o(.text)
    FLASH_IRQHandler                         0x080000e7   Thumb Code     0  startup_stm32l071xx.o(.text)
    I2C1_IRQHandler                          0x080000e7   Thumb Code     0  startup_stm32l071xx.o(.text)
    I2C2_IRQHandler                          0x080000e7   Thumb Code     0  startup_stm32l071xx.o(.text)
    I2C3_IRQHandler                          0x080000e7   Thumb Code     0  startup_stm32l071xx.o(.text)
    LPTIM1_IRQHandler                        0x080000e7   Thumb Code     0  startup_stm32l071xx.o(.text)
    LPUART1_IRQHandler                       0x080000e7   Thumb Code     0  startup_stm32l071xx.o(.text)
    PVD_IRQHandler                           0x080000e7   Thumb Code     0  startup_stm32l071xx.o(.text)
    RCC_IRQHandler                           0x080000e7   Thumb Code     0  startup_stm32l071xx.o(.text)
    SPI1_IRQHandler                          0x080000e7   Thumb Code     0  startup_stm32l071xx.o(.text)
    SPI2_IRQHandler                          0x080000e7   Thumb Code     0  startup_stm32l071xx.o(.text)
    TIM21_IRQHandler                         0x080000e7   Thumb Code     0  startup_stm32l071xx.o(.text)
    TIM22_IRQHandler                         0x080000e7   Thumb Code     0  startup_stm32l071xx.o(.text)
    TIM2_IRQHandler                          0x080000e7   Thumb Code     0  startup_stm32l071xx.o(.text)
    TIM3_IRQHandler                          0x080000e7   Thumb Code     0  startup_stm32l071xx.o(.text)
    TIM6_IRQHandler                          0x080000e7   Thumb Code     0  startup_stm32l071xx.o(.text)
    TIM7_IRQHandler                          0x080000e7   Thumb Code     0  startup_stm32l071xx.o(.text)
    USART1_IRQHandler                        0x080000e7   Thumb Code     0  startup_stm32l071xx.o(.text)
    USART2_IRQHandler                        0x080000e7   Thumb Code     0  startup_stm32l071xx.o(.text)
    USART4_5_IRQHandler                      0x080000e7   Thumb Code     0  startup_stm32l071xx.o(.text)
    WWDG_IRQHandler                          0x080000e7   Thumb Code     0  startup_stm32l071xx.o(.text)
    __aeabi_uidiv                            0x080000f1   Thumb Code     0  uidiv.o(.text)
    __aeabi_uidivmod                         0x080000f1   Thumb Code    44  uidiv.o(.text)
    __aeabi_idiv                             0x0800011d   Thumb Code     0  idiv.o(.text)
    __aeabi_idivmod                          0x0800011d   Thumb Code    40  idiv.o(.text)
    __aeabi_uldivmod                         0x08000145   Thumb Code    96  uldiv.o(.text)
    __aeabi_memcpy                           0x080001a5   Thumb Code    36  memcpya.o(.text)
    __aeabi_memcpy4                          0x080001a5   Thumb Code     0  memcpya.o(.text)
    __aeabi_memcpy8                          0x080001a5   Thumb Code     0  memcpya.o(.text)
    __aeabi_memset                           0x080001c9   Thumb Code    14  memseta.o(.text)
    __aeabi_memset4                          0x080001c9   Thumb Code     0  memseta.o(.text)
    __aeabi_memset8                          0x080001c9   Thumb Code     0  memseta.o(.text)
    __aeabi_memclr                           0x080001d7   Thumb Code     4  memseta.o(.text)
    __aeabi_memclr4                          0x080001d7   Thumb Code     0  memseta.o(.text)
    __aeabi_memclr8                          0x080001d7   Thumb Code     0  memseta.o(.text)
    _memset$wrapper                          0x080001db   Thumb Code    18  memseta.o(.text)
    __aeabi_uread4                           0x080001ed   Thumb Code    20  uread4.o(.text)
    __rt_uread4                              0x080001ed   Thumb Code     0  uread4.o(.text)
    _uread4                                  0x080001ed   Thumb Code     0  uread4.o(.text)
    __aeabi_fadd                             0x08000201   Thumb Code   162  fadd.o(.text)
    __aeabi_fsub                             0x080002a3   Thumb Code     8  fadd.o(.text)
    __aeabi_frsub                            0x080002ab   Thumb Code     8  fadd.o(.text)
    __aeabi_dadd                             0x080002b5   Thumb Code   328  dadd.o(.text)
    __aeabi_dsub                             0x080003fd   Thumb Code    12  dadd.o(.text)
    __aeabi_drsub                            0x08000409   Thumb Code    12  dadd.o(.text)
    __aeabi_dmul                             0x08000419   Thumb Code   202  dmul.o(.text)
    __aeabi_ddiv                             0x080004e9   Thumb Code   234  ddiv.o(.text)
    __ARM_scalbn                             0x080005d9   Thumb Code    44  dscalb.o(.text)
    scalbn                                   0x080005d9   Thumb Code     0  dscalb.o(.text)
    __aeabi_ui2f                             0x08000605   Thumb Code    14  ffltui.o(.text)
    __aeabi_i2d                              0x08000615   Thumb Code    34  dflti.o(.text)
    __aeabi_ui2d                             0x0800063d   Thumb Code    24  dfltui.o(.text)
    __aeabi_d2iz                             0x08000659   Thumb Code    62  dfixi.o(.text)
    __aeabi_d2uiz                            0x080006a1   Thumb Code    50  dfixui.o(.text)
    __aeabi_f2d                              0x080006dd   Thumb Code    40  f2d.o(.text)
    __aeabi_cdrcmple                         0x08000705   Thumb Code    38  cdrcmple.o(.text)
    __aeabi_llsl                             0x0800072d   Thumb Code    32  llshl.o(.text)
    _ll_shift_l                              0x0800072d   Thumb Code     0  llshl.o(.text)
    __aeabi_llsr                             0x0800074d   Thumb Code    34  llushr.o(.text)
    _ll_ushift_r                             0x0800074d   Thumb Code     0  llushr.o(.text)
    __aeabi_lasr                             0x0800076f   Thumb Code    38  llsshr.o(.text)
    _ll_sshift_r                             0x0800076f   Thumb Code     0  llsshr.o(.text)
    __I$use$fp                               0x08000795   Thumb Code     0  iusefp.o(.text)
    _float_round                             0x08000795   Thumb Code    16  fepilogue.o(.text)
    _float_epilogue                          0x080007a5   Thumb Code   114  fepilogue.o(.text)
    _double_round                            0x08000817   Thumb Code    26  depilogue.o(.text)
    _double_epilogue                         0x08000831   Thumb Code   164  depilogue.o(.text)
    _drnd                                    0x080008d5   Thumb Code   114  drnd.o(.text)
    __aeabi_cdcmpeq                          0x08000951   Thumb Code     0  cdcmple.o(.text)
    __aeabi_cdcmple                          0x08000951   Thumb Code    38  cdcmple.o(.text)
    __scatterload                            0x08000979   Thumb Code    28  init.o(.text)
    __scatterload_rt2                        0x08000979   Thumb Code     0  init.o(.text)
    __decompress                             0x0800099d   Thumb Code     0  __dczerorl2.o(.text)
    __decompress1                            0x0800099d   Thumb Code    86  __dczerorl2.o(.text)
    AES_CMAC_Final                           0x080009f3   Thumb Code   316  cmac.o(i.AES_CMAC_Final)
    AES_CMAC_Init                            0x08000b2f   Thumb Code    32  cmac.o(i.AES_CMAC_Init)
    AES_CMAC_SetKey                          0x08000b4f   Thumb Code    16  cmac.o(i.AES_CMAC_SetKey)
    AES_CMAC_Update                          0x08000b5f   Thumb Code   190  cmac.o(i.AES_CMAC_Update)
    BlockLowPowerDuringTask                  0x08000cd5   Thumb Code    16  rtc-board.o(i.BlockLowPowerDuringTask)
    BoardDisableIrq                          0x08000ce9   Thumb Code    12  board.o(i.BoardDisableIrq)
    BoardEnableIrq                           0x08000cf9   Thumb Code    18  board.o(i.BoardEnableIrq)
    BoardGetBatteryLevel                     0x08000d11   Thumb Code     4  board.o(i.BoardGetBatteryLevel)
    BoardInitMcu                             0x08000d15   Thumb Code    34  board.o(i.BoardInitMcu)
    DelayMs                                  0x08000ddb   Thumb Code     8  delay.o(i.DelayMs)
    DelayMsMcu                               0x08000de3   Thumb Code     8  delay-board.o(i.DelayMsMcu)
    EXTI0_1_IRQHandler                       0x08000deb   Thumb Code    20  gpio-board.o(i.EXTI0_1_IRQHandler)
    EXTI2_3_IRQHandler                       0x08000dff   Thumb Code    20  gpio-board.o(i.EXTI2_3_IRQHandler)
    EXTI4_15_IRQHandler                      0x08000e13   Thumb Code    96  gpio-board.o(i.EXTI4_15_IRQHandler)
    Error_Handler                            0x08000e73   Thumb Code     2  main.o(i.Error_Handler)
    GpioInit                                 0x08000e99   Thumb Code    16  gpio.o(i.GpioInit)
    GpioMcuInit                              0x08000ea9   Thumb Code   198  gpio-board.o(i.GpioMcuInit)
    GpioMcuRead                              0x08000f81   Thumb Code    28  gpio-board.o(i.GpioMcuRead)
    GpioMcuSetInterrupt                      0x08000f9d   Thumb Code   236  gpio-board.o(i.GpioMcuSetInterrupt)
    GpioMcuWrite                             0x08001099   Thumb Code    26  gpio-board.o(i.GpioMcuWrite)
    GpioRead                                 0x080010b3   Thumb Code     8  gpio.o(i.GpioRead)
    GpioSetInterrupt                         0x080010bb   Thumb Code     8  gpio.o(i.GpioSetInterrupt)
    GpioWrite                                0x080010c3   Thumb Code     8  gpio.o(i.GpioWrite)
    HAL_Delay                                0x080010cb   Thumb Code    28  stm32l0xx_hal.o(i.HAL_Delay)
    HAL_GPIO_EXTI_Callback                   0x080010e9   Thumb Code    32  gpio-board.o(i.HAL_GPIO_EXTI_Callback)
    HAL_GPIO_EXTI_IRQHandler                 0x0800110d   Thumb Code    18  stm32l0xx_hal_gpio.o(i.HAL_GPIO_EXTI_IRQHandler)
    HAL_GPIO_Init                            0x08001125   Thumb Code   356  stm32l0xx_hal_gpio.o(i.HAL_GPIO_Init)
    HAL_GPIO_ReadPin                         0x080012a9   Thumb Code    10  stm32l0xx_hal_gpio.o(i.HAL_GPIO_ReadPin)
    HAL_GPIO_WritePin                        0x080012b3   Thumb Code    12  stm32l0xx_hal_gpio.o(i.HAL_GPIO_WritePin)
    HAL_GetTick                              0x080012c1   Thumb Code     6  stm32l0xx_hal.o(i.HAL_GetTick)
    HAL_IncTick                              0x080012cd   Thumb Code    10  stm32l0xx_hal.o(i.HAL_IncTick)
    HAL_Init                                 0x080012dd   Thumb Code    36  stm32l0xx_hal.o(i.HAL_Init)
    HAL_InitTick                             0x08001305   Thumb Code    44  stm32l0xx_hal.o(i.HAL_InitTick)
    HAL_MspInit                              0x08001335   Thumb Code    20  stm32l0xx_hal_msp.o(i.HAL_MspInit)
    HAL_NVIC_EnableIRQ                       0x0800134d   Thumb Code    14  stm32l0xx_hal_cortex.o(i.HAL_NVIC_EnableIRQ)
    HAL_NVIC_SetPriority                     0x08001361   Thumb Code     8  stm32l0xx_hal_cortex.o(i.HAL_NVIC_SetPriority)
    HAL_RCCEx_PeriphCLKConfig                0x08001369   Thumb Code   362  stm32l0xx_hal_rcc_ex.o(i.HAL_RCCEx_PeriphCLKConfig)
    HAL_RCC_ClockConfig                      0x080014e1   Thumb Code   344  stm32l0xx_hal_rcc.o(i.HAL_RCC_ClockConfig)
    HAL_RCC_GetPCLK1Freq                     0x0800164d   Thumb Code    20  stm32l0xx_hal_rcc.o(i.HAL_RCC_GetPCLK1Freq)
    HAL_RCC_GetPCLK2Freq                     0x0800166d   Thumb Code    20  stm32l0xx_hal_rcc.o(i.HAL_RCC_GetPCLK2Freq)
    HAL_RCC_GetSysClockFreq                  0x0800168d   Thumb Code   100  stm32l0xx_hal_rcc.o(i.HAL_RCC_GetSysClockFreq)
    HAL_RCC_OscConfig                        0x08001705   Thumb Code  1064  stm32l0xx_hal_rcc.o(i.HAL_RCC_OscConfig)
    HAL_RTCEx_AlarmBEventCallback            0x08001b2d   Thumb Code     2  stm32l0xx_hal_rtc_ex.o(i.HAL_RTCEx_AlarmBEventCallback)
    HAL_RTCEx_EnableBypassShadow             0x08001b2f   Thumb Code    60  stm32l0xx_hal_rtc_ex.o(i.HAL_RTCEx_EnableBypassShadow)
    HAL_RTC_AlarmAEventCallback              0x08001b6b   Thumb Code     2  stm32l0xx_hal_rtc.o(i.HAL_RTC_AlarmAEventCallback)
    HAL_RTC_AlarmIRQHandler                  0x08001b6d   Thumb Code    88  stm32l0xx_hal_rtc.o(i.HAL_RTC_AlarmIRQHandler)
    HAL_RTC_DeactivateAlarm                  0x08001bcd   Thumb Code   184  stm32l0xx_hal_rtc.o(i.HAL_RTC_DeactivateAlarm)
    HAL_RTC_GetAlarm                         0x08001c85   Thumb Code   134  stm32l0xx_hal_rtc.o(i.HAL_RTC_GetAlarm)
    HAL_RTC_GetDate                          0x08001d11   Thumb Code    68  stm32l0xx_hal_rtc.o(i.HAL_RTC_GetDate)
    HAL_RTC_GetTime                          0x08001d55   Thumb Code    88  stm32l0xx_hal_rtc.o(i.HAL_RTC_GetTime)
    HAL_RTC_Init                             0x08001db1   Thumb Code   184  stm32l0xx_hal_rtc.o(i.HAL_RTC_Init)
    HAL_RTC_MspInit                          0x08001e6d   Thumb Code     2  stm32l0xx_hal_rtc.o(i.HAL_RTC_MspInit)
    HAL_RTC_SetAlarm_IT                      0x08001e71   Thumb Code   390  stm32l0xx_hal_rtc.o(i.HAL_RTC_SetAlarm_IT)
    HAL_RTC_SetDate                          0x08002001   Thumb Code   190  stm32l0xx_hal_rtc.o(i.HAL_RTC_SetDate)
    HAL_RTC_SetTime                          0x080020c5   Thumb Code   228  stm32l0xx_hal_rtc.o(i.HAL_RTC_SetTime)
    HAL_RTC_WaitForSynchro                   0x080021ad   Thumb Code    52  stm32l0xx_hal_rtc.o(i.HAL_RTC_WaitForSynchro)
    HAL_SPI_Init                             0x080021e1   Thumb Code   128  stm32l0xx_hal_spi.o(i.HAL_SPI_Init)
    HAL_SPI_MspInit                          0x08002261   Thumb Code     2  stm32l0xx_hal_spi.o(i.HAL_SPI_MspInit)
    HAL_SYSTICK_Config                       0x08002265   Thumb Code    38  stm32l0xx_hal_cortex.o(i.HAL_SYSTICK_Config)
    HAL_UART_Init                            0x08002295   Thumb Code   106  stm32l0xx_hal_uart.o(i.HAL_UART_Init)
    HAL_UART_MspInit                         0x08002301   Thumb Code    82  usart.o(i.HAL_UART_MspInit)
    HAL_UART_Transmit                        0x0800235d   Thumb Code   206  stm32l0xx_hal_uart.o(i.HAL_UART_Transmit)
    HardFault_Handler                        0x0800242b   Thumb Code     2  stm32l0xx_it.o(i.HardFault_Handler)
    LoRaMacComputeMic                        0x0800242d   Thumb Code   112  loramaccrypto.o(i.LoRaMacComputeMic)
    LoRaMacInitialization                    0x080024a9   Thumb Code   514  loramac.o(i.LoRaMacInitialization)
    LoRaMacJoinComputeMic                    0x080026e1   Thumb Code    62  loramaccrypto.o(i.LoRaMacJoinComputeMic)
    LoRaMacJoinComputeSKeys                  0x08002729   Thumb Code   130  loramaccrypto.o(i.LoRaMacJoinComputeSKeys)
    LoRaMacJoinDecrypt                       0x080027b1   Thumb Code    60  loramaccrypto.o(i.LoRaMacJoinDecrypt)
    LoRaMacMibSetRequestConfirm              0x080027f1   Thumb Code   570  loramac.o(i.LoRaMacMibSetRequestConfirm)
    LoRaMacMlmeRequest                       0x08002a3d   Thumb Code   238  loramac.o(i.LoRaMacMlmeRequest)
    LoRaMacPayloadDecrypt                    0x08002b39   Thumb Code    16  loramaccrypto.o(i.LoRaMacPayloadDecrypt)
    LoRaMacPayloadEncrypt                    0x08002b49   Thumb Code   182  loramaccrypto.o(i.LoRaMacPayloadEncrypt)
    MX_GPIO_Init                             0x08002c09   Thumb Code   110  main.o(i.MX_GPIO_Init)
    MX_USART2_UART_Init                      0x08002c89   Thumb Code    48  usart.o(i.MX_USART2_UART_Init)
    NMI_Handler                              0x08002d3f   Thumb Code     2  stm32l0xx_it.o(i.NMI_Handler)
    OnLed2TimerEvent                         0x08002dbd   Thumb Code    16  main.o(i.OnLed2TimerEvent)
    PendSV_Handler                           0x08003879   Thumb Code     2  stm32l0xx_it.o(i.PendSV_Handler)
    PrepareFrame                             0x0800387d   Thumb Code   620  loramac.o(i.PrepareFrame)
    RTC_Bcd2ToByte                           0x08003df5   Thumb Code    16  stm32l0xx_hal_rtc.o(i.RTC_Bcd2ToByte)
    RTC_ByteToBcd2                           0x08003e05   Thumb Code    24  stm32l0xx_hal_rtc.o(i.RTC_ByteToBcd2)
    RTC_EnterInitMode                        0x08003e1d   Thumb Code    56  stm32l0xx_hal_rtc.o(i.RTC_EnterInitMode)
    RTC_IRQHandler                           0x08003e55   Thumb Code    98  rtc-board.o(i.RTC_IRQHandler)
    RadioCheckRfFrequency                    0x08003ec5   Thumb Code     4  radio.o(i.RadioCheckRfFrequency)
    RadioGetStatus                           0x08003efd   Thumb Code    30  radio.o(i.RadioGetStatus)
    RadioGetWakeupTime                       0x08003f1b   Thumb Code    10  radio.o(i.RadioGetWakeupTime)
    RadioInit                                0x08003f25   Thumb Code    76  radio.o(i.RadioInit)
    RadioIrqProcess                          0x08003f89   Thumb Code   252  radio.o(i.RadioIrqProcess)
    RadioIsChannelFree                       0x08004095   Thumb Code    70  radio.o(i.RadioIsChannelFree)
    RadioOnDioIrq                            0x080040dd   Thumb Code    14  radio.o(i.RadioOnDioIrq)
    RadioOnRxTimeoutIrq                      0x080040f1   Thumb Code    18  radio.o(i.RadioOnRxTimeoutIrq)
    RadioOnTxTimeoutIrq                      0x08004109   Thumb Code    18  radio.o(i.RadioOnTxTimeoutIrq)
    RadioRandom                              0x08004121   Thumb Code    52  radio.o(i.RadioRandom)
    RadioRead                                0x08004155   Thumb Code     8  radio.o(i.RadioRead)
    RadioReadBuffer                          0x0800415d   Thumb Code     8  radio.o(i.RadioReadBuffer)
    RadioRssi                                0x08004165   Thumb Code     8  radio.o(i.RadioRssi)
    RadioRx                                  0x0800416d   Thumb Code    56  radio.o(i.RadioRx)
    RadioRxBoosted                           0x080041b5   Thumb Code    56  radio.o(i.RadioRxBoosted)
    RadioSend                                0x080041fd   Thumb Code    76  radio.o(i.RadioSend)
    RadioSetChannel                          0x08004255   Thumb Code     8  radio.o(i.RadioSetChannel)
    RadioSetMaxPayloadLength                 0x0800425d   Thumb Code    40  radio.o(i.RadioSetMaxPayloadLength)
    RadioSetModem                            0x0800428d   Thumb Code    42  radio.o(i.RadioSetModem)
    RadioSetPublicNetwork                    0x080042bd   Thumb Code    52  radio.o(i.RadioSetPublicNetwork)
    RadioSetRxConfig                         0x080042f5   Thumb Code   388  radio.o(i.RadioSetRxConfig)
    RadioSetRxDutyCycle                      0x0800449d   Thumb Code     8  radio.o(i.RadioSetRxDutyCycle)
    RadioSetTxConfig                         0x080044a5   Thumb Code   298  radio.o(i.RadioSetTxConfig)
    RadioSetTxContinuousWave                 0x080045e9   Thumb Code    54  radio.o(i.RadioSetTxContinuousWave)
    RadioSleep                               0x08004629   Thumb Code    32  radio.o(i.RadioSleep)
    RadioStandby                             0x08004649   Thumb Code    10  radio.o(i.RadioStandby)
    RadioStartCad                            0x08004653   Thumb Code     8  radio.o(i.RadioStartCad)
    RadioTimeOnAir                           0x0800465d   Thumb Code   370  radio.o(i.RadioTimeOnAir)
    RadioWrite                               0x080047f1   Thumb Code     8  radio.o(i.RadioWrite)
    RadioWriteBuffer                         0x080047f9   Thumb Code     8  radio.o(i.RadioWriteBuffer)
    RegionAdrNext                            0x08004801   Thumb Code    30  region.o(i.RegionAdrNext)
    RegionAlternateDr                        0x0800481f   Thumb Code    18  region.o(i.RegionAlternateDr)
    RegionApplyCFList                        0x08004831   Thumb Code    14  region.o(i.RegionApplyCFList)
    RegionApplyDrOffset                      0x0800483f   Thumb Code    26  region.o(i.RegionApplyDrOffset)
    RegionCalcBackOff                        0x08004859   Thumb Code    14  region.o(i.RegionCalcBackOff)
    RegionChanMaskSet                        0x08004867   Thumb Code    18  region.o(i.RegionChanMaskSet)
    RegionCommonCalcBackOff                  0x08004879   Thumb Code    92  regioncommon.o(i.RegionCommonCalcBackOff)
    RegionCommonChanDisable                  0x080048d5   Thumb Code    38  regioncommon.o(i.RegionCommonChanDisable)
    RegionCommonChanMaskCopy                 0x080048fb   Thumb Code    30  regioncommon.o(i.RegionCommonChanMaskCopy)
    RegionCommonChanVerifyDr                 0x08004919   Thumb Code    96  regioncommon.o(i.RegionCommonChanVerifyDr)
    RegionCommonComputeRxWindowParameters    0x08004979   Thumb Code   144  regioncommon.o(i.RegionCommonComputeRxWindowParameters)
    RegionCommonComputeSymbolTimeFsk         0x08004a09   Thumb Code    20  regioncommon.o(i.RegionCommonComputeSymbolTimeFsk)
    RegionCommonComputeSymbolTimeLoRa        0x08004a21   Thumb Code    40  regioncommon.o(i.RegionCommonComputeSymbolTimeLoRa)
    RegionCommonComputeTxPower               0x08004a4d   Thumb Code    40  regioncommon.o(i.RegionCommonComputeTxPower)
    RegionCommonCountChannels                0x08004a75   Thumb Code    68  regioncommon.o(i.RegionCommonCountChannels)
    RegionCommonGetJoinDc                    0x08004ab9   Thumb Code    26  regioncommon.o(i.RegionCommonGetJoinDc)
    RegionCommonLinkAdrReqVerifyParams       0x08004ae1   Thumb Code   152  regioncommon.o(i.RegionCommonLinkAdrReqVerifyParams)
    RegionCommonParseLinkAdrReq              0x08004b79   Thumb Code    54  regioncommon.o(i.RegionCommonParseLinkAdrReq)
    RegionCommonSetBandTxDone                0x08004baf   Thumb Code    10  regioncommon.o(i.RegionCommonSetBandTxDone)
    RegionCommonUpdateBandTimeOff            0x08004bb9   Thumb Code   190  regioncommon.o(i.RegionCommonUpdateBandTimeOff)
    RegionCommonValueInRange                 0x08004c77   Thumb Code    16  regioncommon.o(i.RegionCommonValueInRange)
    RegionComputeRxWindowParameters          0x08004c87   Thumb Code    26  region.o(i.RegionComputeRxWindowParameters)
    RegionDlChannelReq                       0x08004ca1   Thumb Code    18  region.o(i.RegionDlChannelReq)
    RegionEU868AdrNext                       0x08004cb5   Thumb Code   116  regioneu868.o(i.RegionEU868AdrNext)
    RegionEU868AlternateDr                   0x08004d2d   Thumb Code     2  regioneu868.o(i.RegionEU868AlternateDr)
    RegionEU868ApplyCFList                   0x08004d2f   Thumb Code   116  regioneu868.o(i.RegionEU868ApplyCFList)
    RegionEU868ApplyDrOffset                 0x08004da3   Thumb Code    14  regioneu868.o(i.RegionEU868ApplyDrOffset)
    RegionEU868CalcBackOff                   0x08004db1   Thumb Code    48  regioneu868.o(i.RegionEU868CalcBackOff)
    RegionEU868ChanMaskSet                   0x08004de9   Thumb Code    40  regioneu868.o(i.RegionEU868ChanMaskSet)
    RegionEU868ChannelAdd                    0x08004e15   Thumb Code   212  regioneu868.o(i.RegionEU868ChannelAdd)
    RegionEU868ChannelsRemove                0x08004ef1   Thumb Code    38  regioneu868.o(i.RegionEU868ChannelsRemove)
    RegionEU868ComputeRxWindowParameters     0x08004f21   Thumb Code    92  regioneu868.o(i.RegionEU868ComputeRxWindowParameters)
    RegionEU868DlChannelReq                  0x08004f85   Thumb Code    56  regioneu868.o(i.RegionEU868DlChannelReq)
    RegionEU868GetPhyParam                   0x08004fc1   Thumb Code   164  regioneu868.o(i.RegionEU868GetPhyParam)
    RegionEU868InitDefaults                  0x08005089   Thumb Code    74  regioneu868.o(i.RegionEU868InitDefaults)
    RegionEU868LinkAdrReq                    0x080050e1   Thumb Code   286  regioneu868.o(i.RegionEU868LinkAdrReq)
    RegionEU868NewChannelReq                 0x08005209   Thumb Code    72  regioneu868.o(i.RegionEU868NewChannelReq)
    RegionEU868NextChannel                   0x08005251   Thumb Code   178  regioneu868.o(i.RegionEU868NextChannel)
    RegionEU868RxConfig                      0x0800530d   Thumb Code   202  regioneu868.o(i.RegionEU868RxConfig)
    RegionEU868RxParamSetupReq               0x080053ed   Thumb Code    64  regioneu868.o(i.RegionEU868RxParamSetupReq)
    RegionEU868SetBandTxDone                 0x08005431   Thumb Code    30  regioneu868.o(i.RegionEU868SetBandTxDone)
    RegionEU868SetContinuousWave             0x08005459   Thumb Code    60  regioneu868.o(i.RegionEU868SetContinuousWave)
    RegionEU868TxConfig                      0x080054a1   Thumb Code   196  regioneu868.o(i.RegionEU868TxConfig)
    RegionEU868TxParamSetupReq               0x0800557d   Thumb Code     6  regioneu868.o(i.RegionEU868TxParamSetupReq)
    RegionEU868Verify                        0x08005583   Thumb Code    54  regioneu868.o(i.RegionEU868Verify)
    RegionGetPhyParam                        0x080055b9   Thumb Code    20  region.o(i.RegionGetPhyParam)
    RegionInitDefaults                       0x080055cd   Thumb Code    14  region.o(i.RegionInitDefaults)
    RegionIsActive                           0x080055db   Thumb Code    12  region.o(i.RegionIsActive)
    RegionLinkAdrReq                         0x080055e7   Thumb Code    34  region.o(i.RegionLinkAdrReq)
    RegionNewChannelReq                      0x08005609   Thumb Code    18  region.o(i.RegionNewChannelReq)
    RegionNextChannel                        0x0800561b   Thumb Code    30  region.o(i.RegionNextChannel)
    RegionRxConfig                           0x08005639   Thumb Code    22  region.o(i.RegionRxConfig)
    RegionRxParamSetupReq                    0x0800564f   Thumb Code    18  region.o(i.RegionRxParamSetupReq)
    RegionSetBandTxDone                      0x08005661   Thumb Code    14  region.o(i.RegionSetBandTxDone)
    RegionSetContinuousWave                  0x0800566f   Thumb Code    14  region.o(i.RegionSetContinuousWave)
    RegionTxConfig                           0x0800567d   Thumb Code    26  region.o(i.RegionTxConfig)
    RegionTxParamSetupReq                    0x08005697   Thumb Code    18  region.o(i.RegionTxParamSetupReq)
    RegionVerify                             0x080056a9   Thumb Code    22  region.o(i.RegionVerify)
    RtcComputeElapsedTime                    0x08005749   Thumb Code    38  rtc-board.o(i.RtcComputeElapsedTime)
    RtcGetAdjustedTimeoutValue               0x08005951   Thumb Code    46  rtc-board.o(i.RtcGetAdjustedTimeoutValue)
    RtcGetElapsedAlarmTime                   0x080059c9   Thumb Code    34  rtc-board.o(i.RtcGetElapsedAlarmTime)
    RtcGetTimerValue                         0x080059f1   Thumb Code    22  rtc-board.o(i.RtcGetTimerValue)
    RtcInit                                  0x08005a09   Thumb Code   130  rtc-board.o(i.RtcInit)
    RtcRecoverMcuStatus                      0x08005aa1   Thumb Code    54  rtc-board.o(i.RtcRecoverMcuStatus)
    RtcSetTimeout                            0x08005ae5   Thumb Code    34  rtc-board.o(i.RtcSetTimeout)
    SVC_Handler                              0x08005bc1   Thumb Code     2  stm32l0xx_it.o(i.SVC_Handler)
    SX126xAntSwOff                           0x08005bc5   Thumb Code    22  sx1262dvk1das-board.o(i.SX126xAntSwOff)
    SX126xAntSwOn                            0x08005be1   Thumb Code    22  sx1262dvk1das-board.o(i.SX126xAntSwOn)
    SX126xCalibrate                          0x08005bfd   Thumb Code    14  sx126x.o(i.SX126xCalibrate)
    SX126xCalibrateImage                     0x08005c0d   Thumb Code    94  sx126x.o(i.SX126xCalibrateImage)
    SX126xCheckDeviceReady                   0x08005c81   Thumb Code    28  sx126x.o(i.SX126xCheckDeviceReady)
    SX126xClearIrqStatus                     0x08005ca1   Thumb Code    20  sx126x.o(i.SX126xClearIrqStatus)
    SX126xGetBoardTcxoWakeupTime             0x08005cb5   Thumb Code     4  sx1262dvk1das-board.o(i.SX126xGetBoardTcxoWakeupTime)
    SX126xGetIrqStatus                       0x08005cb9   Thumb Code    20  sx126x.o(i.SX126xGetIrqStatus)
    SX126xGetOperatingMode                   0x08005ccd   Thumb Code     6  sx126x.o(i.SX126xGetOperatingMode)
    SX126xGetPaSelect                        0x08005cd9   Thumb Code    16  sx1262dvk1das-board.o(i.SX126xGetPaSelect)
    SX126xGetPacketStatus                    0x08005ced   Thumb Code   120  sx126x.o(i.SX126xGetPacketStatus)
    SX126xGetPacketType                      0x08005d69   Thumb Code     6  sx126x.o(i.SX126xGetPacketType)
    SX126xGetPayload                         0x08005d75   Thumb Code    44  sx126x.o(i.SX126xGetPayload)
    SX126xGetRssiInst                        0x08005da1   Thumb Code    24  sx126x.o(i.SX126xGetRssiInst)
    SX126xGetRxBufferStatus                  0x08005db9   Thumb Code    58  sx126x.o(i.SX126xGetRxBufferStatus)
    SX126xInit                               0x08005dfd   Thumb Code    62  sx126x.o(i.SX126xInit)
    SX126xIoInit                             0x08005e41   Thumb Code    60  sx1262dvk1das-board.o(i.SX126xIoInit)
    SX126xIoIrqInit                          0x08005e81   Thumb Code    16  sx1262dvk1das-board.o(i.SX126xIoIrqInit)
    SX126xReadBuffer                         0x08005e95   Thumb Code    86  sx1262dvk1das-board.o(i.SX126xReadBuffer)
    SX126xReadCommand                        0x08005ef1   Thumb Code    78  sx1262dvk1das-board.o(i.SX126xReadCommand)
    SX126xReadRegister                       0x08005f45   Thumb Code    16  sx1262dvk1das-board.o(i.SX126xReadRegister)
    SX126xReadRegisters                      0x08005f55   Thumb Code    94  sx1262dvk1das-board.o(i.SX126xReadRegisters)
    SX126xReset                              0x08005fb9   Thumb Code    56  sx1262dvk1das-board.o(i.SX126xReset)
    SX126xSendPayload                        0x08005ff5   Thumb Code    16  sx126x.o(i.SX126xSendPayload)
    SX126xSetBufferBaseAddress               0x08006005   Thumb Code    20  sx126x.o(i.SX126xSetBufferBaseAddress)
    SX126xSetCad                             0x08006019   Thumb Code    20  sx126x.o(i.SX126xSetCad)
    SX126xSetCrcPolynomial                   0x08006031   Thumb Code    28  sx126x.o(i.SX126xSetCrcPolynomial)
    SX126xSetCrcSeed                         0x08006055   Thumb Code    28  sx126x.o(i.SX126xSetCrcSeed)
    SX126xSetDio2AsRfSwitchCtrl              0x08006079   Thumb Code    14  sx126x.o(i.SX126xSetDio2AsRfSwitchCtrl)
    SX126xSetDio3AsTcxoCtrl                  0x08006087   Thumb Code    32  sx126x.o(i.SX126xSetDio3AsTcxoCtrl)
    SX126xSetDioIrqParams                    0x080060a7   Thumb Code    40  sx126x.o(i.SX126xSetDioIrqParams)
    SX126xSetLoRaSymbNumTimeout              0x080060cf   Thumb Code    14  sx126x.o(i.SX126xSetLoRaSymbNumTimeout)
    SX126xSetModulationParams                0x080060dd   Thumb Code   148  sx126x.o(i.SX126xSetModulationParams)
    SX126xSetPaConfig                        0x0800617d   Thumb Code    24  sx126x.o(i.SX126xSetPaConfig)
    SX126xSetPacketParams                    0x08006195   Thumb Code   158  sx126x.o(i.SX126xSetPacketParams)
    SX126xSetPacketType                      0x08006249   Thumb Code    22  sx126x.o(i.SX126xSetPacketType)
    SX126xSetPayload                         0x08006265   Thumb Code    14  sx126x.o(i.SX126xSetPayload)
    SX126xSetRegulatorMode                   0x08006273   Thumb Code    14  sx126x.o(i.SX126xSetRegulatorMode)
    SX126xSetRfFrequency                     0x08006281   Thumb Code    66  sx126x.o(i.SX126xSetRfFrequency)
    SX126xSetRfTxPower                       0x080062cd   Thumb Code    10  sx1262dvk1das-board.o(i.SX126xSetRfTxPower)
    SX126xSetRx                              0x080062d9   Thumb Code    30  sx126x.o(i.SX126xSetRx)
    SX126xSetRxBoosted                       0x080062fd   Thumb Code    42  sx126x.o(i.SX126xSetRxBoosted)
    SX126xSetRxDutyCycle                     0x08006331   Thumb Code    42  sx126x.o(i.SX126xSetRxDutyCycle)
    SX126xSetSleep                           0x08006361   Thumb Code    24  sx126x.o(i.SX126xSetSleep)
    SX126xSetStandby                         0x0800637d   Thumb Code    32  sx126x.o(i.SX126xSetStandby)
    SX126xSetStopRxTimerOnPreambleDetect     0x080063a1   Thumb Code    14  sx126x.o(i.SX126xSetStopRxTimerOnPreambleDetect)
    SX126xSetSyncWord                        0x080063af   Thumb Code    18  sx126x.o(i.SX126xSetSyncWord)
    SX126xSetTx                              0x080063c1   Thumb Code    30  sx126x.o(i.SX126xSetTx)
    SX126xSetTxContinuousWave                0x080063e5   Thumb Code    14  sx126x.o(i.SX126xSetTxContinuousWave)
    SX126xSetTxParams                        0x080063f5   Thumb Code   122  sx126x.o(i.SX126xSetTxParams)
    SX126xSetWhiteningSeed                   0x08006475   Thumb Code    48  sx126x.o(i.SX126xSetWhiteningSeed)
    SX126xWaitOnBusy                         0x080064a9   Thumb Code    16  sx1262dvk1das-board.o(i.SX126xWaitOnBusy)
    SX126xWakeup                             0x080064bd   Thumb Code    54  sx1262dvk1das-board.o(i.SX126xWakeup)
    SX126xWriteBuffer                        0x080064f9   Thumb Code    76  sx1262dvk1das-board.o(i.SX126xWriteBuffer)
    SX126xWriteCommand                       0x08006549   Thumb Code    72  sx1262dvk1das-board.o(i.SX126xWriteCommand)
    SX126xWriteRegister                      0x08006595   Thumb Code    12  sx1262dvk1das-board.o(i.SX126xWriteRegister)
    SX126xWriteRegisters                     0x080065a1   Thumb Code    84  sx1262dvk1das-board.o(i.SX126xWriteRegisters)
    Send                                     0x08006729   Thumb Code    56  loramac.o(i.Send)
    SendFrameOnChannel                       0x08006769   Thumb Code   122  loramac.o(i.SendFrameOnChannel)
    SetTxContinuousWave                      0x08006811   Thumb Code    74  loramac.o(i.SetTxContinuousWave)
    SetTxContinuousWave1                     0x08006865   Thumb Code    48  loramac.o(i.SetTxContinuousWave1)
    SpiFormat                                0x080068a1   Thumb Code   136  spi-board.o(i.SpiFormat)
    SpiFrequency                             0x0800692d   Thumb Code    56  spi-board.o(i.SpiFrequency)
    SpiInOut                                 0x0800696d   Thumb Code    76  spi-board.o(i.SpiInOut)
    SpiInit                                  0x080069bd   Thumb Code   226  spi-board.o(i.SpiInit)
    SysTick_Handler                          0x08006ab5   Thumb Code     8  stm32l0xx_it.o(i.SysTick_Handler)
    SystemClock_Config                       0x08006abd   Thumb Code   120  main.o(i.SystemClock_Config)
    SystemInit                               0x08006b39   Thumb Code    66  system_stm32l0xx.o(i.SystemInit)
    TimerGetCurrentTime                      0x08006b8d   Thumb Code     8  timer.o(i.TimerGetCurrentTime)
    TimerGetElapsedTime                      0x08006b95   Thumb Code     8  timer.o(i.TimerGetElapsedTime)
    TimerInit                                0x08006b9d   Thumb Code    14  timer.o(i.TimerInit)
    TimerIrqHandler                          0x08006c2d   Thumb Code    76  timer.o(i.TimerIrqHandler)
    TimerSetValue                            0x08006c99   Thumb Code    16  timer.o(i.TimerSetValue)
    TimerStart                               0x08006ca9   Thumb Code    92  timer.o(i.TimerStart)
    TimerStop                                0x08006d09   Thumb Code   140  timer.o(i.TimerStop)
    UART_AdvFeatureConfig                    0x08006d99   Thumb Code   202  stm32l0xx_hal_uart.o(i.UART_AdvFeatureConfig)
    UART_CheckIdleState                      0x08006e65   Thumb Code    90  stm32l0xx_hal_uart.o(i.UART_CheckIdleState)
    UART_SetConfig                           0x08006ec5   Thumb Code   518  stm32l0xx_hal_uart.o(i.UART_SetConfig)
    UART_WaitOnFlagUntilTimeout              0x08007101   Thumb Code    98  stm32l0xx_hal_uart.o(i.UART_WaitOnFlagUntilTimeout)
    __0printf$1                              0x08007245   Thumb Code    24  printf1.o(i.__0printf$1)
    __1printf$1                              0x08007245   Thumb Code     0  printf1.o(i.__0printf$1)
    __2printf                                0x08007245   Thumb Code     0  printf1.o(i.__0printf$1)
    __ARM_clz                                0x08007265   Thumb Code    46  depilogue.o(i.__ARM_clz)
    __ARM_common_switch8                     0x08007293   Thumb Code    26  loramac.o(i.__ARM_common_switch8)
    __scatterload_copy                       0x080072ad   Thumb Code    14  handlers.o(i.__scatterload_copy)
    __scatterload_null                       0x080072bb   Thumb Code     2  handlers.o(i.__scatterload_null)
    __scatterload_zeroinit                   0x080072bd   Thumb Code    14  handlers.o(i.__scatterload_zeroinit)
    aes_encrypt                              0x0800741d   Thumb Code    84  aes.o(i.aes_encrypt)
    aes_set_key                              0x08007471   Thumb Code   248  aes.o(i.aes_set_key)
    ceil                                     0x0800756d   Thumb Code   180  ceil.o(i.ceil)
    floor                                    0x080076fd   Thumb Code   180  floor.o(i.floor)
    fputc                                    0x080077c5   Thumb Code    18  usart.o(i.fputc)
    main                                     0x080077e1   Thumb Code   174  main.o(i.main)
    memcpy1                                  0x080078d1   Thumb Code    22  utilities.o(i.memcpy1)
    memcpyr                                  0x080078e7   Thumb Code    26  utilities.o(i.memcpyr)
    memset1                                  0x08007901   Thumb Code    18  utilities.o(i.memset1)
    rand1                                    0x08007b2d   Thumb Code    26  utilities.o(i.rand1)
    randr                                    0x08007b59   Thumb Code    22  utilities.o(i.randr)
    rint                                     0x08007b6f   Thumb Code     8  rint.o(i.rint)
    round                                    0x08007b79   Thumb Code   142  round.o(i.round)
    srand1                                   0x08007c7d   Thumb Code     6  utilities.o(i.srand1)
    Radio                                    0x08007d0c   Data         108  radio.o(.constdata)
    Bandwidths                               0x08007d78   Data           3  radio.o(.constdata)
    FskBandwidths                            0x08007d7c   Data         176  radio.o(.constdata)
    AHBPrescTable                            0x080081b0   Data          16  system_stm32l0xx.o(.constdata)
    PLLMulTable                              0x080081c0   Data           9  system_stm32l0xx.o(.constdata)
    APBPrescTable                            0x080081c9   Data           8  system_stm32l0xx.o(.constdata)
    Region$$Table$$Base                      0x080081d4   Number         0  anon$$obj.o(Region$$Table)
    Region$$Table$$Limit                     0x080081f4   Number         0  anon$$obj.o(Region$$Table)
    MaxPayloadLength                         0x20000000   Data           1  radio.o(.data)
    RxContinuous                             0x20000001   Data           1  radio.o(.data)
    IrqFired                                 0x20000002   Data           1  radio.o(.data)
    TxTimeout                                0x20000008   Data           4  radio.o(.data)
    RxTimeout                                0x2000000c   Data           4  radio.o(.data)
    FrequencyError                           0x200000ac   Data           4  sx126x.o(.data)
    HasLoopedThroughMain                     0x200000b0   Data           1  timer.o(.data)
    LoRaMacFlags                             0x200000d1   Data           1  loramac.o(.data)
    LoRaMacState                             0x200000ec   Data           4  loramac.o(.data)
    TxTimeOnAir                              0x200000f0   Data           4  loramac.o(.data)
    NonScheduledWakeUp                       0x20000198   Data           1  rtc-board.o(.data)
    McuWakeUpTime                            0x200001a0   Data           4  rtc-board.o(.data)
    uwTick                                   0x200001cc   Data           4  stm32l0xx_hal.o(.data)
    SystemCoreClock                          0x200001d0   Data           4  system_stm32l0xx.o(.data)
    __stdout                                 0x200001d4   Data           4  stdout.o(.data)
    RadioPktStatus                           0x200001d8   Data          20  radio.o(.bss)
    RadioRxPayload                           0x200001ec   Data         255  radio.o(.bss)
    SX126x                                   0x200002ec   Data         172  radio.o(.bss)
    TxTimeoutTimer                           0x20000398   Data          20  radio.o(.bss)
    RxTimeoutTimer                           0x200003ac   Data          20  radio.o(.bss)
    LoRaMacParams                            0x200006e0   Data          56  loramac.o(.bss)
    LoRaMacParamsDefaults                    0x20000718   Data          56  loramac.o(.bss)
    RtcHandle                                0x20000b5c   Data          36  rtc-board.o(.bss)
    RtcCalendarContext                       0x20000b80   Data          24  rtc-board.o(.bss)
    AntPow                                   0x20000c48   Data          12  sx1262dvk1das-board.o(.bss)
    DeviceSel                                0x20000c54   Data          12  sx1262dvk1das-board.o(.bss)
    huart2                                   0x20000c74   Data         128  usart.o(.bss)
    __initial_sp                             0x200010f8   Data           0  startup_stm32l071xx.o(STACK)



==============================================================================

Memory Map of the image

  Image Entry point : 0x080000c1

  Load Region LR_IROM1 (Base: 0x08000000, Size: 0x000083cc, Max: 0x00020000, ABSOLUTE, COMPRESSED[0x0000824c])

    Execution Region ER_IROM1 (Base: 0x08000000, Size: 0x000081f4, Max: 0x00020000, ABSOLUTE)

    Base Addr    Size         Type   Attr      Idx    E Section Name        Object

    0x08000000   0x000000c0   Data   RO            3    RESET               startup_stm32l071xx.o
    0x080000c0   0x00000000   Code   RO         6819  * .ARM.Collect$$$$00000000  mc_p.l(entry.o)
    0x080000c0   0x00000004   Code   RO         7129    .ARM.Collect$$$$00000001  mc_p.l(entry2.o)
    0x080000c4   0x00000004   Code   RO         7132    .ARM.Collect$$$$00000004  mc_p.l(entry5.o)
    0x080000c8   0x00000000   Code   RO         7134    .ARM.Collect$$$$00000008  mc_p.l(entry7b.o)
    0x080000c8   0x00000000   Code   RO         7136    .ARM.Collect$$$$0000000A  mc_p.l(entry8b.o)
    0x080000c8   0x00000008   Code   RO         7137    .ARM.Collect$$$$0000000B  mc_p.l(entry9a.o)
    0x080000d0   0x00000000   Code   RO         7139    .ARM.Collect$$$$0000000D  mc_p.l(entry10a.o)
    0x080000d0   0x00000000   Code   RO         7141    .ARM.Collect$$$$0000000F  mc_p.l(entry11a.o)
    0x080000d0   0x00000004   Code   RO         7130    .ARM.Collect$$$$00002712  mc_p.l(entry2.o)
    0x080000d4   0x0000001c   Code   RO            4    .text               startup_stm32l071xx.o
    0x080000f0   0x0000002c   Code   RO         6822    .text               mc_p.l(uidiv.o)
    0x0800011c   0x00000028   Code   RO         6824    .text               mc_p.l(idiv.o)
    0x08000144   0x00000060   Code   RO         6826    .text               mc_p.l(uldiv.o)
    0x080001a4   0x00000024   Code   RO         6828    .text               mc_p.l(memcpya.o)
    0x080001c8   0x00000024   Code   RO         6830    .text               mc_p.l(memseta.o)
    0x080001ec   0x00000014   Code   RO         7095    .text               mc_p.l(uread4.o)
    0x08000200   0x000000b2   Code   RO         7097    .text               mf_p.l(fadd.o)
    0x080002b2   0x00000002   PAD
    0x080002b4   0x00000164   Code   RO         7101    .text               mf_p.l(dadd.o)
    0x08000418   0x000000d0   Code   RO         7103    .text               mf_p.l(dmul.o)
    0x080004e8   0x000000f0   Code   RO         7105    .text               mf_p.l(ddiv.o)
    0x080005d8   0x0000002c   Code   RO         7107    .text               mf_p.l(dscalb.o)
    0x08000604   0x0000000e   Code   RO         7111    .text               mf_p.l(ffltui.o)
    0x08000612   0x00000002   PAD
    0x08000614   0x00000028   Code   RO         7113    .text               mf_p.l(dflti.o)
    0x0800063c   0x0000001c   Code   RO         7115    .text               mf_p.l(dfltui.o)
    0x08000658   0x00000048   Code   RO         7119    .text               mf_p.l(dfixi.o)
    0x080006a0   0x0000003c   Code   RO         7121    .text               mf_p.l(dfixui.o)
    0x080006dc   0x00000028   Code   RO         7123    .text               mf_p.l(f2d.o)
    0x08000704   0x00000028   Code   RO         7125    .text               mf_p.l(cdrcmple.o)
    0x0800072c   0x00000020   Code   RO         7144    .text               mc_p.l(llshl.o)
    0x0800074c   0x00000022   Code   RO         7146    .text               mc_p.l(llushr.o)
    0x0800076e   0x00000026   Code   RO         7148    .text               mc_p.l(llsshr.o)
    0x08000794   0x00000000   Code   RO         7150    .text               mc_p.l(iusefp.o)
    0x08000794   0x00000082   Code   RO         7151    .text               mf_p.l(fepilogue.o)
    0x08000816   0x000000be   Code   RO         7153    .text               mf_p.l(depilogue.o)
    0x080008d4   0x0000007c   Code   RO         7157    .text               mf_p.l(drnd.o)
    0x08000950   0x00000028   Code   RO         7161    .text               mf_p.l(cdcmple.o)
    0x08000978   0x00000024   Code   RO         7163    .text               mc_p.l(init.o)
    0x0800099c   0x00000056   Code   RO         7173    .text               mc_p.l(__dczerorl2.o)
    0x080009f2   0x0000013c   Code   RO          742    i.AES_CMAC_Final    cmac.o
    0x08000b2e   0x00000020   Code   RO          743    i.AES_CMAC_Init     cmac.o
    0x08000b4e   0x00000010   Code   RO          744    i.AES_CMAC_SetKey   cmac.o
    0x08000b5e   0x000000be   Code   RO          745    i.AES_CMAC_Update   cmac.o
    0x08000c1c   0x000000b8   Code   RO          820    i.AddMacCommand     loramac.o
    0x08000cd4   0x00000014   Code   RO         3261    i.BlockLowPowerDuringTask  rtc-board.o
    0x08000ce8   0x00000010   Code   RO         3078    i.BoardDisableIrq   board.o
    0x08000cf8   0x00000018   Code   RO         3079    i.BoardEnableIrq    board.o
    0x08000d10   0x00000004   Code   RO         3080    i.BoardGetBatteryLevel  board.o
    0x08000d14   0x00000028   Code   RO         3084    i.BoardInitMcu      board.o
    0x08000d3c   0x0000009e   Code   RO         2145    i.CountNbOfEnabledChannels  regioneu868.o
    0x08000dda   0x00000008   Code   RO          560    i.DelayMs           delay.o
    0x08000de2   0x00000008   Code   RO         2967    i.DelayMsMcu        delay-board.o
    0x08000dea   0x00000014   Code   RO         3185    i.EXTI0_1_IRQHandler  gpio-board.o
    0x08000dfe   0x00000014   Code   RO         3186    i.EXTI2_3_IRQHandler  gpio-board.o
    0x08000e12   0x00000060   Code   RO         3187    i.EXTI4_15_IRQHandler  gpio-board.o
    0x08000e72   0x00000002   Code   RO         3614    i.Error_Handler     main.o
    0x08000e74   0x00000024   Code   RO         2146    i.GetBandwidth      regioneu868.o
    0x08000e98   0x00000010   Code   RO          775    i.GpioInit          gpio.o
    0x08000ea8   0x000000d8   Code   RO         3188    i.GpioMcuInit       gpio-board.o
    0x08000f80   0x0000001c   Code   RO         3189    i.GpioMcuRead       gpio-board.o
    0x08000f9c   0x000000fc   Code   RO         3191    i.GpioMcuSetInterrupt  gpio-board.o
    0x08001098   0x0000001a   Code   RO         3193    i.GpioMcuWrite      gpio-board.o
    0x080010b2   0x00000008   Code   RO          776    i.GpioRead          gpio.o
    0x080010ba   0x00000008   Code   RO          778    i.GpioSetInterrupt  gpio.o
    0x080010c2   0x00000008   Code   RO          780    i.GpioWrite         gpio.o
    0x080010ca   0x0000001c   Code   RO         4243    i.HAL_Delay         stm32l0xx_hal.o
    0x080010e6   0x00000002   PAD
    0x080010e8   0x00000024   Code   RO         3194    i.HAL_GPIO_EXTI_Callback  gpio-board.o
    0x0800110c   0x00000018   Code   RO         5359    i.HAL_GPIO_EXTI_IRQHandler  stm32l0xx_hal_gpio.o
    0x08001124   0x00000184   Code   RO         5360    i.HAL_GPIO_Init     stm32l0xx_hal_gpio.o
    0x080012a8   0x0000000a   Code   RO         5362    i.HAL_GPIO_ReadPin  stm32l0xx_hal_gpio.o
    0x080012b2   0x0000000c   Code   RO         5364    i.HAL_GPIO_WritePin  stm32l0xx_hal_gpio.o
    0x080012be   0x00000002   PAD
    0x080012c0   0x0000000c   Code   RO         4247    i.HAL_GetTick       stm32l0xx_hal.o
    0x080012cc   0x00000010   Code   RO         4251    i.HAL_IncTick       stm32l0xx_hal.o
    0x080012dc   0x00000028   Code   RO         4252    i.HAL_Init          stm32l0xx_hal.o
    0x08001304   0x00000030   Code   RO         4253    i.HAL_InitTick      stm32l0xx_hal.o
    0x08001334   0x00000018   Code   RO         3786    i.HAL_MspInit       stm32l0xx_hal_msp.o
    0x0800134c   0x00000014   Code   RO         5687    i.HAL_NVIC_EnableIRQ  stm32l0xx_hal_cortex.o
    0x08001360   0x00000008   Code   RO         5691    i.HAL_NVIC_SetPriority  stm32l0xx_hal_cortex.o
    0x08001368   0x00000178   Code   RO         5024    i.HAL_RCCEx_PeriphCLKConfig  stm32l0xx_hal_rcc_ex.o
    0x080014e0   0x0000016c   Code   RO         4926    i.HAL_RCC_ClockConfig  stm32l0xx_hal_rcc.o
    0x0800164c   0x00000020   Code   RO         4932    i.HAL_RCC_GetPCLK1Freq  stm32l0xx_hal_rcc.o
    0x0800166c   0x00000020   Code   RO         4933    i.HAL_RCC_GetPCLK2Freq  stm32l0xx_hal_rcc.o
    0x0800168c   0x00000078   Code   RO         4934    i.HAL_RCC_GetSysClockFreq  stm32l0xx_hal_rcc.o
    0x08001704   0x00000428   Code   RO         4937    i.HAL_RCC_OscConfig  stm32l0xx_hal_rcc.o
    0x08001b2c   0x00000002   Code   RO         6149    i.HAL_RTCEx_AlarmBEventCallback  stm32l0xx_hal_rtc_ex.o
    0x08001b2e   0x0000003c   Code   RO         6158    i.HAL_RTCEx_EnableBypassShadow  stm32l0xx_hal_rtc_ex.o
    0x08001b6a   0x00000002   Code   RO         6016    i.HAL_RTC_AlarmAEventCallback  stm32l0xx_hal_rtc.o
    0x08001b6c   0x00000060   Code   RO         6017    i.HAL_RTC_AlarmIRQHandler  stm32l0xx_hal_rtc.o
    0x08001bcc   0x000000b8   Code   RO         6019    i.HAL_RTC_DeactivateAlarm  stm32l0xx_hal_rtc.o
    0x08001c84   0x0000008c   Code   RO         6020    i.HAL_RTC_GetAlarm  stm32l0xx_hal_rtc.o
    0x08001d10   0x00000044   Code   RO         6021    i.HAL_RTC_GetDate   stm32l0xx_hal_rtc.o
    0x08001d54   0x0000005c   Code   RO         6023    i.HAL_RTC_GetTime   stm32l0xx_hal_rtc.o
    0x08001db0   0x000000bc   Code   RO         6024    i.HAL_RTC_Init      stm32l0xx_hal_rtc.o
    0x08001e6c   0x00000002   Code   RO         6026    i.HAL_RTC_MspInit   stm32l0xx_hal_rtc.o
    0x08001e6e   0x00000002   PAD
    0x08001e70   0x00000190   Code   RO         6029    i.HAL_RTC_SetAlarm_IT  stm32l0xx_hal_rtc.o
    0x08002000   0x000000c4   Code   RO         6030    i.HAL_RTC_SetDate   stm32l0xx_hal_rtc.o
    0x080020c4   0x000000e8   Code   RO         6031    i.HAL_RTC_SetTime   stm32l0xx_hal_rtc.o
    0x080021ac   0x00000034   Code   RO         6032    i.HAL_RTC_WaitForSynchro  stm32l0xx_hal_rtc.o
    0x080021e0   0x00000080   Code   RO         6426    i.HAL_SPI_Init      stm32l0xx_hal_spi.o
    0x08002260   0x00000002   Code   RO         6428    i.HAL_SPI_MspInit   stm32l0xx_hal_spi.o
    0x08002262   0x00000002   PAD
    0x08002264   0x00000030   Code   RO         5695    i.HAL_SYSTICK_Config  stm32l0xx_hal_cortex.o
    0x08002294   0x0000006a   Code   RO         3846    i.HAL_UART_Init     stm32l0xx_hal_uart.o
    0x080022fe   0x00000002   PAD
    0x08002300   0x0000005c   Code   RO         3696    i.HAL_UART_MspInit  usart.o
    0x0800235c   0x000000ce   Code   RO         3854    i.HAL_UART_Transmit  stm32l0xx_hal_uart.o
    0x0800242a   0x00000002   Code   RO         3739    i.HardFault_Handler  stm32l0xx_it.o
    0x0800242c   0x0000007c   Code   RO         1059    i.LoRaMacComputeMic  loramaccrypto.o
    0x080024a8   0x00000238   Code   RO          823    i.LoRaMacInitialization  loramac.o
    0x080026e0   0x00000048   Code   RO         1060    i.LoRaMacJoinComputeMic  loramaccrypto.o
    0x08002728   0x00000088   Code   RO         1061    i.LoRaMacJoinComputeSKeys  loramaccrypto.o
    0x080027b0   0x00000040   Code   RO         1062    i.LoRaMacJoinDecrypt  loramaccrypto.o
    0x080027f0   0x0000024c   Code   RO          826    i.LoRaMacMibSetRequestConfirm  loramac.o
    0x08002a3c   0x000000fc   Code   RO          827    i.LoRaMacMlmeRequest  loramac.o
    0x08002b38   0x00000010   Code   RO         1063    i.LoRaMacPayloadDecrypt  loramaccrypto.o
    0x08002b48   0x000000c0   Code   RO         1064    i.LoRaMacPayloadEncrypt  loramaccrypto.o
    0x08002c08   0x00000080   Code   RO         3615    i.MX_GPIO_Init      main.o
    0x08002c88   0x00000038   Code   RO         3697    i.MX_USART2_UART_Init  usart.o
    0x08002cc0   0x00000002   Code   RO         3616    i.McpsConfirm       main.o
    0x08002cc2   0x00000002   Code   RO         3617    i.McpsIndication    main.o
    0x08002cc4   0x00000078   Code   RO         3618    i.MlmeConfirm       main.o
    0x08002d3c   0x00000002   Code   RO         3619    i.MlmeIndication    main.o
    0x08002d3e   0x00000002   Code   RO         3740    i.NMI_Handler       stm32l0xx_it.o
    0x08002d40   0x00000044   Code   RO         5697    i.NVIC_SetPriority  stm32l0xx_hal_cortex.o
    0x08002d84   0x00000038   Code   RO          835    i.OnAckTimeoutTimerEvent  loramac.o
    0x08002dbc   0x00000028   Code   RO         3620    i.OnLed2TimerEvent  main.o
    0x08002de4   0x00000248   Code   RO          836    i.OnMacStateCheckTimerEvent  loramac.o
    0x0800302c   0x000004d8   Code   RO          837    i.OnRadioRxDone     loramac.o
    0x08003504   0x00000080   Code   RO          838    i.OnRadioRxError    loramac.o
    0x08003584   0x00000080   Code   RO          839    i.OnRadioRxTimeout  loramac.o
    0x08003604   0x000000ec   Code   RO          840    i.OnRadioTxDone     loramac.o
    0x080036f0   0x0000003c   Code   RO          841    i.OnRadioTxTimeout  loramac.o
    0x0800372c   0x00000060   Code   RO          842    i.OnRxWindow1TimerEvent  loramac.o
    0x0800378c   0x00000060   Code   RO          843    i.OnRxWindow2TimerEvent  loramac.o
    0x080037ec   0x00000024   Code   RO          844    i.OnTxDelayedTimerEvent  loramac.o
    0x08003810   0x00000014   Code   RO          845    i.OpenContinuousRx2Window  loramac.o
    0x08003824   0x00000054   Code   RO          846    i.ParseMacCommandsToRepeat  loramac.o
    0x08003878   0x00000002   Code   RO         3741    i.PendSV_Handler    stm32l0xx_it.o
    0x0800387a   0x00000002   PAD
    0x0800387c   0x00000280   Code   RO          847    i.PrepareFrame      loramac.o
    0x08003afc   0x0000003c   Code   RO          848    i.PrepareRxDoneAbort  loramac.o
    0x08003b38   0x000002bc   Code   RO          849    i.ProcessMacCommands  loramac.o
    0x08003df4   0x00000010   Code   RO         6033    i.RTC_Bcd2ToByte    stm32l0xx_hal_rtc.o
    0x08003e04   0x00000018   Code   RO         6034    i.RTC_ByteToBcd2    stm32l0xx_hal_rtc.o
    0x08003e1c   0x00000038   Code   RO         6035    i.RTC_EnterInitMode  stm32l0xx_hal_rtc.o
    0x08003e54   0x00000070   Code   RO         3262    i.RTC_IRQHandler    rtc-board.o
    0x08003ec4   0x00000004   Code   RO           10    i.RadioCheckRfFrequency  radio.o
    0x08003ec8   0x00000034   Code   RO           11    i.RadioGetFskBandwidthRegValue  radio.o
    0x08003efc   0x0000001e   Code   RO           12    i.RadioGetStatus    radio.o
    0x08003f1a   0x0000000a   Code   RO           13    i.RadioGetWakeupTime  radio.o
    0x08003f24   0x00000064   Code   RO           14    i.RadioInit         radio.o
    0x08003f88   0x0000010c   Code   RO           15    i.RadioIrqProcess   radio.o
    0x08004094   0x00000046   Code   RO           16    i.RadioIsChannelFree  radio.o
    0x080040da   0x00000002   PAD
    0x080040dc   0x00000014   Code   RO           17    i.RadioOnDioIrq     radio.o
    0x080040f0   0x00000018   Code   RO           18    i.RadioOnRxTimeoutIrq  radio.o
    0x08004108   0x00000018   Code   RO           19    i.RadioOnTxTimeoutIrq  radio.o
    0x08004120   0x00000034   Code   RO           20    i.RadioRandom       radio.o
    0x08004154   0x00000008   Code   RO           21    i.RadioRead         radio.o
    0x0800415c   0x00000008   Code   RO           22    i.RadioReadBuffer   radio.o
    0x08004164   0x00000008   Code   RO           24    i.RadioRssi         radio.o
    0x0800416c   0x00000048   Code   RO           25    i.RadioRx           radio.o
    0x080041b4   0x00000048   Code   RO           26    i.RadioRxBoosted    radio.o
    0x080041fc   0x00000058   Code   RO           27    i.RadioSend         radio.o
    0x08004254   0x00000008   Code   RO           28    i.RadioSetChannel   radio.o
    0x0800425c   0x00000030   Code   RO           29    i.RadioSetMaxPayloadLength  radio.o
    0x0800428c   0x00000030   Code   RO           30    i.RadioSetModem     radio.o
    0x080042bc   0x00000038   Code   RO           31    i.RadioSetPublicNetwork  radio.o
    0x080042f4   0x000001a8   Code   RO           32    i.RadioSetRxConfig  radio.o
    0x0800449c   0x00000008   Code   RO           33    i.RadioSetRxDutyCycle  radio.o
    0x080044a4   0x00000144   Code   RO           34    i.RadioSetTxConfig  radio.o
    0x080045e8   0x00000040   Code   RO           35    i.RadioSetTxContinuousWave  radio.o
    0x08004628   0x00000020   Code   RO           36    i.RadioSleep        radio.o
    0x08004648   0x0000000a   Code   RO           37    i.RadioStandby      radio.o
    0x08004652   0x00000008   Code   RO           38    i.RadioStartCad     radio.o
    0x0800465a   0x00000002   PAD
    0x0800465c   0x00000194   Code   RO           39    i.RadioTimeOnAir    radio.o
    0x080047f0   0x00000008   Code   RO           41    i.RadioWrite        radio.o
    0x080047f8   0x00000008   Code   RO           42    i.RadioWriteBuffer  radio.o
    0x08004800   0x0000001e   Code   RO         1104    i.RegionAdrNext     region.o
    0x0800481e   0x00000012   Code   RO         1105    i.RegionAlternateDr  region.o
    0x08004830   0x0000000e   Code   RO         1106    i.RegionApplyCFList  region.o
    0x0800483e   0x0000001a   Code   RO         1107    i.RegionApplyDrOffset  region.o
    0x08004858   0x0000000e   Code   RO         1108    i.RegionCalcBackOff  region.o
    0x08004866   0x00000012   Code   RO         1109    i.RegionChanMaskSet  region.o
    0x08004878   0x0000005c   Code   RO         1890    i.RegionCommonCalcBackOff  regioncommon.o
    0x080048d4   0x00000026   Code   RO         1891    i.RegionCommonChanDisable  regioncommon.o
    0x080048fa   0x0000001e   Code   RO         1892    i.RegionCommonChanMaskCopy  regioncommon.o
    0x08004918   0x00000060   Code   RO         1893    i.RegionCommonChanVerifyDr  regioncommon.o
    0x08004978   0x00000090   Code   RO         1894    i.RegionCommonComputeRxWindowParameters  regioncommon.o
    0x08004a08   0x00000018   Code   RO         1895    i.RegionCommonComputeSymbolTimeFsk  regioncommon.o
    0x08004a20   0x0000002c   Code   RO         1896    i.RegionCommonComputeSymbolTimeLoRa  regioncommon.o
    0x08004a4c   0x00000028   Code   RO         1897    i.RegionCommonComputeTxPower  regioncommon.o
    0x08004a74   0x00000044   Code   RO         1898    i.RegionCommonCountChannels  regioncommon.o
    0x08004ab8   0x00000028   Code   RO         1899    i.RegionCommonGetJoinDc  regioncommon.o
    0x08004ae0   0x00000098   Code   RO         1900    i.RegionCommonLinkAdrReqVerifyParams  regioncommon.o
    0x08004b78   0x00000036   Code   RO         1901    i.RegionCommonParseLinkAdrReq  regioncommon.o
    0x08004bae   0x0000000a   Code   RO         1902    i.RegionCommonSetBandTxDone  regioncommon.o
    0x08004bb8   0x000000be   Code   RO         1903    i.RegionCommonUpdateBandTimeOff  regioncommon.o
    0x08004c76   0x00000010   Code   RO         1904    i.RegionCommonValueInRange  regioncommon.o
    0x08004c86   0x0000001a   Code   RO         1112    i.RegionComputeRxWindowParameters  region.o
    0x08004ca0   0x00000012   Code   RO         1113    i.RegionDlChannelReq  region.o
    0x08004cb2   0x00000002   PAD
    0x08004cb4   0x00000078   Code   RO         2147    i.RegionEU868AdrNext  regioneu868.o
    0x08004d2c   0x00000002   Code   RO         2148    i.RegionEU868AlternateDr  regioneu868.o
    0x08004d2e   0x00000074   Code   RO         2149    i.RegionEU868ApplyCFList  regioneu868.o
    0x08004da2   0x0000000e   Code   RO         2150    i.RegionEU868ApplyDrOffset  regioneu868.o
    0x08004db0   0x00000038   Code   RO         2151    i.RegionEU868CalcBackOff  regioneu868.o
    0x08004de8   0x0000002c   Code   RO         2152    i.RegionEU868ChanMaskSet  regioneu868.o
    0x08004e14   0x000000dc   Code   RO         2153    i.RegionEU868ChannelAdd  regioneu868.o
    0x08004ef0   0x00000030   Code   RO         2154    i.RegionEU868ChannelsRemove  regioneu868.o
    0x08004f20   0x00000064   Code   RO         2155    i.RegionEU868ComputeRxWindowParameters  regioneu868.o
    0x08004f84   0x0000003c   Code   RO         2156    i.RegionEU868DlChannelReq  regioneu868.o
    0x08004fc0   0x000000c8   Code   RO         2157    i.RegionEU868GetPhyParam  regioneu868.o
    0x08005088   0x00000058   Code   RO         2158    i.RegionEU868InitDefaults  regioneu868.o
    0x080050e0   0x00000128   Code   RO         2159    i.RegionEU868LinkAdrReq  regioneu868.o
    0x08005208   0x00000048   Code   RO         2160    i.RegionEU868NewChannelReq  regioneu868.o
    0x08005250   0x000000bc   Code   RO         2161    i.RegionEU868NextChannel  regioneu868.o
    0x0800530c   0x000000e0   Code   RO         2162    i.RegionEU868RxConfig  regioneu868.o
    0x080053ec   0x00000044   Code   RO         2163    i.RegionEU868RxParamSetupReq  regioneu868.o
    0x08005430   0x00000028   Code   RO         2164    i.RegionEU868SetBandTxDone  regioneu868.o
    0x08005458   0x00000048   Code   RO         2165    i.RegionEU868SetContinuousWave  regioneu868.o
    0x080054a0   0x000000dc   Code   RO         2166    i.RegionEU868TxConfig  regioneu868.o
    0x0800557c   0x00000006   Code   RO         2167    i.RegionEU868TxParamSetupReq  regioneu868.o
    0x08005582   0x00000036   Code   RO         2168    i.RegionEU868Verify  regioneu868.o
    0x080055b8   0x00000014   Code   RO         1114    i.RegionGetPhyParam  region.o
    0x080055cc   0x0000000e   Code   RO         1115    i.RegionInitDefaults  region.o
    0x080055da   0x0000000c   Code   RO         1116    i.RegionIsActive    region.o
    0x080055e6   0x00000022   Code   RO         1117    i.RegionLinkAdrReq  region.o
    0x08005608   0x00000012   Code   RO         1118    i.RegionNewChannelReq  region.o
    0x0800561a   0x0000001e   Code   RO         1119    i.RegionNextChannel  region.o
    0x08005638   0x00000016   Code   RO         1120    i.RegionRxConfig    region.o
    0x0800564e   0x00000012   Code   RO         1121    i.RegionRxParamSetupReq  region.o
    0x08005660   0x0000000e   Code   RO         1122    i.RegionSetBandTxDone  region.o
    0x0800566e   0x0000000e   Code   RO         1123    i.RegionSetContinuousWave  region.o
    0x0800567c   0x0000001a   Code   RO         1124    i.RegionTxConfig    region.o
    0x08005696   0x00000012   Code   RO         1125    i.RegionTxParamSetupReq  region.o
    0x080056a8   0x00000016   Code   RO         1126    i.RegionVerify      region.o
    0x080056be   0x00000002   PAD
    0x080056c0   0x00000088   Code   RO          850    i.ResetMacParameters  loramac.o
    0x08005748   0x00000026   Code   RO         3263    i.RtcComputeElapsedTime  rtc-board.o
    0x0800576e   0x00000002   PAD
    0x08005770   0x000000f0   Code   RO         3265    i.RtcComputeTimerTimeToAlarmTick  rtc-board.o
    0x08005860   0x000000cc   Code   RO         3266    i.RtcConvertCalendarTickToTimerTime  rtc-board.o
    0x0800592c   0x00000024   Code   RO         3267    i.RtcConvertTickToMs  rtc-board.o
    0x08005950   0x00000034   Code   RO         3270    i.RtcGetAdjustedTimeoutValue  rtc-board.o
    0x08005984   0x00000044   Code   RO         3271    i.RtcGetCalendar    rtc-board.o
    0x080059c8   0x00000028   Code   RO         3272    i.RtcGetElapsedAlarmTime  rtc-board.o
    0x080059f0   0x00000016   Code   RO         3273    i.RtcGetTimerValue  rtc-board.o
    0x08005a06   0x00000002   PAD
    0x08005a08   0x00000098   Code   RO         3274    i.RtcInit           rtc-board.o
    0x08005aa0   0x00000044   Code   RO         3276    i.RtcRecoverMcuStatus  rtc-board.o
    0x08005ae4   0x00000028   Code   RO         3277    i.RtcSetTimeout     rtc-board.o
    0x08005b0c   0x0000009c   Code   RO         3278    i.RtcStartWakeUpAlarm  rtc-board.o
    0x08005ba8   0x00000018   Code   RO          851    i.RxWindowSetup     loramac.o
    0x08005bc0   0x00000002   Code   RO         3742    i.SVC_Handler       stm32l0xx_it.o
    0x08005bc2   0x00000002   PAD
    0x08005bc4   0x0000001c   Code   RO         3429    i.SX126xAntSwOff    sx1262dvk1das-board.o
    0x08005be0   0x0000001c   Code   RO         3430    i.SX126xAntSwOn     sx1262dvk1das-board.o
    0x08005bfc   0x0000000e   Code   RO          269    i.SX126xCalibrate   sx126x.o
    0x08005c0a   0x00000002   PAD
    0x08005c0c   0x00000074   Code   RO          270    i.SX126xCalibrateImage  sx126x.o
    0x08005c80   0x00000020   Code   RO          271    i.SX126xCheckDeviceReady  sx126x.o
    0x08005ca0   0x00000014   Code   RO          273    i.SX126xClearIrqStatus  sx126x.o
    0x08005cb4   0x00000004   Code   RO         3432    i.SX126xGetBoardTcxoWakeupTime  sx1262dvk1das-board.o
    0x08005cb8   0x00000014   Code   RO          275    i.SX126xGetIrqStatus  sx126x.o
    0x08005ccc   0x0000000c   Code   RO          276    i.SX126xGetOperatingMode  sx126x.o
    0x08005cd8   0x00000014   Code   RO         3433    i.SX126xGetPaSelect  sx1262dvk1das-board.o
    0x08005cec   0x0000007c   Code   RO          277    i.SX126xGetPacketStatus  sx126x.o
    0x08005d68   0x0000000c   Code   RO          278    i.SX126xGetPacketType  sx126x.o
    0x08005d74   0x0000002c   Code   RO          279    i.SX126xGetPayload  sx126x.o
    0x08005da0   0x00000018   Code   RO          281    i.SX126xGetRssiInst  sx126x.o
    0x08005db8   0x00000044   Code   RO          282    i.SX126xGetRxBufferStatus  sx126x.o
    0x08005dfc   0x00000044   Code   RO          284    i.SX126xInit        sx126x.o
    0x08005e40   0x00000040   Code   RO         3435    i.SX126xIoInit      sx1262dvk1das-board.o
    0x08005e80   0x00000014   Code   RO         3436    i.SX126xIoIrqInit   sx1262dvk1das-board.o
    0x08005e94   0x0000005c   Code   RO         3437    i.SX126xReadBuffer  sx1262dvk1das-board.o
    0x08005ef0   0x00000054   Code   RO         3438    i.SX126xReadCommand  sx1262dvk1das-board.o
    0x08005f44   0x00000010   Code   RO         3439    i.SX126xReadRegister  sx1262dvk1das-board.o
    0x08005f54   0x00000064   Code   RO         3440    i.SX126xReadRegisters  sx1262dvk1das-board.o
    0x08005fb8   0x0000003c   Code   RO         3441    i.SX126xReset       sx1262dvk1das-board.o
    0x08005ff4   0x00000010   Code   RO          285    i.SX126xSendPayload  sx126x.o
    0x08006004   0x00000014   Code   RO          286    i.SX126xSetBufferBaseAddress  sx126x.o
    0x08006018   0x00000018   Code   RO          287    i.SX126xSetCad      sx126x.o
    0x08006030   0x00000024   Code   RO          289    i.SX126xSetCrcPolynomial  sx126x.o
    0x08006054   0x00000024   Code   RO          290    i.SX126xSetCrcSeed  sx126x.o
    0x08006078   0x0000000e   Code   RO          291    i.SX126xSetDio2AsRfSwitchCtrl  sx126x.o
    0x08006086   0x00000020   Code   RO          292    i.SX126xSetDio3AsTcxoCtrl  sx126x.o
    0x080060a6   0x00000028   Code   RO          293    i.SX126xSetDioIrqParams  sx126x.o
    0x080060ce   0x0000000e   Code   RO          295    i.SX126xSetLoRaSymbNumTimeout  sx126x.o
    0x080060dc   0x000000a0   Code   RO          296    i.SX126xSetModulationParams  sx126x.o
    0x0800617c   0x00000018   Code   RO          297    i.SX126xSetPaConfig  sx126x.o
    0x08006194   0x000000b4   Code   RO          298    i.SX126xSetPacketParams  sx126x.o
    0x08006248   0x0000001c   Code   RO          299    i.SX126xSetPacketType  sx126x.o
    0x08006264   0x0000000e   Code   RO          300    i.SX126xSetPayload  sx126x.o
    0x08006272   0x0000000e   Code   RO          301    i.SX126xSetRegulatorMode  sx126x.o
    0x08006280   0x0000004c   Code   RO          302    i.SX126xSetRfFrequency  sx126x.o
    0x080062cc   0x0000000a   Code   RO         3442    i.SX126xSetRfTxPower  sx1262dvk1das-board.o
    0x080062d6   0x00000002   PAD
    0x080062d8   0x00000024   Code   RO          303    i.SX126xSetRx       sx126x.o
    0x080062fc   0x00000034   Code   RO          304    i.SX126xSetRxBoosted  sx126x.o
    0x08006330   0x00000030   Code   RO          305    i.SX126xSetRxDutyCycle  sx126x.o
    0x08006360   0x0000001c   Code   RO          307    i.SX126xSetSleep    sx126x.o
    0x0800637c   0x00000024   Code   RO          308    i.SX126xSetStandby  sx126x.o
    0x080063a0   0x0000000e   Code   RO          309    i.SX126xSetStopRxTimerOnPreambleDetect  sx126x.o
    0x080063ae   0x00000012   Code   RO          310    i.SX126xSetSyncWord  sx126x.o
    0x080063c0   0x00000024   Code   RO          311    i.SX126xSetTx       sx126x.o
    0x080063e4   0x0000000e   Code   RO          312    i.SX126xSetTxContinuousWave  sx126x.o
    0x080063f2   0x00000002   PAD
    0x080063f4   0x00000080   Code   RO          314    i.SX126xSetTxParams  sx126x.o
    0x08006474   0x00000034   Code   RO          315    i.SX126xSetWhiteningSeed  sx126x.o
    0x080064a8   0x00000014   Code   RO         3443    i.SX126xWaitOnBusy  sx1262dvk1das-board.o
    0x080064bc   0x0000003c   Code   RO         3444    i.SX126xWakeup      sx1262dvk1das-board.o
    0x080064f8   0x00000050   Code   RO         3445    i.SX126xWriteBuffer  sx1262dvk1das-board.o
    0x08006548   0x0000004c   Code   RO         3446    i.SX126xWriteCommand  sx1262dvk1das-board.o
    0x08006594   0x0000000c   Code   RO         3447    i.SX126xWriteRegister  sx1262dvk1das-board.o
    0x080065a0   0x00000058   Code   RO         3448    i.SX126xWriteRegisters  sx1262dvk1das-board.o
    0x080065f8   0x00000130   Code   RO          852    i.ScheduleTx        loramac.o
    0x08006728   0x00000040   Code   RO          853    i.Send              loramac.o
    0x08006768   0x00000090   Code   RO          854    i.SendFrameOnChannel  loramac.o
    0x080067f8   0x00000018   Code   RO          855    i.SetMlmeScheduleUplinkIndication  loramac.o
    0x08006810   0x00000054   Code   RO          856    i.SetTxContinuousWave  loramac.o
    0x08006864   0x0000003c   Code   RO          857    i.SetTxContinuousWave1  loramac.o
    0x080068a0   0x0000008c   Code   RO         3383    i.SpiFormat         spi-board.o
    0x0800692c   0x00000040   Code   RO         3384    i.SpiFrequency      spi-board.o
    0x0800696c   0x00000050   Code   RO         3385    i.SpiInOut          spi-board.o
    0x080069bc   0x000000f8   Code   RO         3386    i.SpiInit           spi-board.o
    0x08006ab4   0x00000008   Code   RO         3743    i.SysTick_Handler   stm32l0xx_it.o
    0x08006abc   0x0000007c   Code   RO         3621    i.SystemClock_Config  main.o
    0x08006b38   0x00000054   Code   RO         6776    i.SystemInit        system_stm32l0xx.o
    0x08006b8c   0x00000008   Code   RO          580    i.TimerGetCurrentTime  timer.o
    0x08006b94   0x00000008   Code   RO          581    i.TimerGetElapsedTime  timer.o
    0x08006b9c   0x0000000e   Code   RO          584    i.TimerInit         timer.o
    0x08006baa   0x00000002   PAD
    0x08006bac   0x00000028   Code   RO          585    i.TimerInsertNewHeadTimer  timer.o
    0x08006bd4   0x00000058   Code   RO          586    i.TimerInsertTimer  timer.o
    0x08006c2c   0x00000050   Code   RO          587    i.TimerIrqHandler   timer.o
    0x08006c7c   0x0000001c   Code   RO          591    i.TimerSetTimeout   timer.o
    0x08006c98   0x00000010   Code   RO          592    i.TimerSetValue     timer.o
    0x08006ca8   0x00000060   Code   RO          593    i.TimerStart        timer.o
    0x08006d08   0x00000090   Code   RO          594    i.TimerStop         timer.o
    0x08006d98   0x000000ca   Code   RO         3859    i.UART_AdvFeatureConfig  stm32l0xx_hal_uart.o
    0x08006e62   0x00000002   PAD
    0x08006e64   0x00000060   Code   RO         3860    i.UART_CheckIdleState  stm32l0xx_hal_uart.o
    0x08006ec4   0x0000023c   Code   RO         3875    i.UART_SetConfig    stm32l0xx_hal_uart.o
    0x08007100   0x00000062   Code   RO         3878    i.UART_WaitOnFlagUntilTimeout  stm32l0xx_hal_uart.o
    0x08007162   0x00000002   PAD
    0x08007164   0x00000048   Code   RO          858    i.ValidatePayloadLength  loramac.o
    0x080071ac   0x00000098   Code   RO         2169    i.VerifyTxFreq      regioneu868.o
    0x08007244   0x00000020   Code   RO         6879    i.__0printf$1       mc_p.l(printf1.o)
    0x08007264   0x0000002e   Code   RO         7155    i.__ARM_clz         mf_p.l(depilogue.o)
    0x08007292   0x0000001a   Code   RO         1042    i.__ARM_common_switch8  loramac.o
    0x080072ac   0x0000000e   Code   RO         7167    i.__scatterload_copy  mc_p.l(handlers.o)
    0x080072ba   0x00000002   Code   RO         7168    i.__scatterload_null  mc_p.l(handlers.o)
    0x080072bc   0x0000000e   Code   RO         7169    i.__scatterload_zeroinit  mc_p.l(handlers.o)
    0x080072ca   0x00000002   PAD
    0x080072cc   0x00000150   Code   RO         6886    i._printf_core      mc_p.l(printf1.o)
    0x0800741c   0x00000054   Code   RO          686    i.aes_encrypt       aes.o
    0x08007470   0x000000fc   Code   RO          687    i.aes_set_key       aes.o
    0x0800756c   0x000000c8   Code   RO         6808    i.ceil              m_ps.l(ceil.o)
    0x08007634   0x00000084   Code   RO          688    i.copy_and_key      aes.o
    0x080076b8   0x00000042   Code   RO          689    i.copy_block        aes.o
    0x080076fa   0x00000002   PAD
    0x080076fc   0x000000c8   Code   RO         6812    i.floor             m_ps.l(floor.o)
    0x080077c4   0x0000001c   Code   RO         3698    i.fputc             usart.o
    0x080077e0   0x000000f0   Code   RO         3622    i.main              main.o
    0x080078d0   0x00000016   Code   RO         3559    i.memcpy1           utilities.o
    0x080078e6   0x0000001a   Code   RO         3560    i.memcpyr           utilities.o
    0x08007900   0x00000012   Code   RO         3561    i.memset1           utilities.o
    0x08007912   0x00000002   PAD
    0x08007914   0x00000218   Code   RO          690    i.mix_sub_columns   aes.o
    0x08007b2c   0x0000002c   Code   RO         3562    i.rand1             utilities.o
    0x08007b58   0x00000016   Code   RO         3563    i.randr             utilities.o
    0x08007b6e   0x00000008   Code   RO         6815    i.rint              m_ps.l(rint.o)
    0x08007b76   0x00000002   PAD
    0x08007b78   0x0000009c   Code   RO         6817    i.round             m_ps.l(round.o)
    0x08007c14   0x00000068   Code   RO          691    i.shift_sub_rows    aes.o
    0x08007c7c   0x0000000c   Code   RO         3564    i.srand1            utilities.o
    0x08007c88   0x00000082   Code   RO          692    i.xor_block         aes.o
    0x08007d0a   0x00000002   PAD
    0x08007d0c   0x0000006c   Data   RO           45    .constdata          radio.o
    0x08007d78   0x000000b4   Data   RO           46    .constdata          radio.o
    0x08007e2c   0x00000300   Data   RO          693    .constdata          aes.o
    0x0800812c   0x00000010   Data   RO          860    .constdata          loramac.o
    0x0800813c   0x0000005c   Data   RO         2171    .constdata          regioneu868.o
    0x08008198   0x00000018   Data   RO         3280    .constdata          rtc-board.o
    0x080081b0   0x00000019   Data   RO         6777    .constdata          system_stm32l0xx.o
    0x080081c9   0x00000008   Data   RO         6778    .constdata          system_stm32l0xx.o
    0x080081d1   0x00000003   PAD
    0x080081d4   0x00000020   Data   RO         7165    Region$$Table       anon$$obj.o


    Execution Region RW_IRAM1 (Base: 0x20000000, Size: 0x000010f8, Max: 0x00005000, ABSOLUTE, COMPRESSED[0x00000058])

    Base Addr    Size         Type   Attr      Idx    E Section Name        Object

    0x20000000   0x000000a8   Data   RW           47    .data               radio.o
    0x200000a8   0x00000008   Data   RW          316    .data               sx126x.o
    0x200000b0   0x00000008   Data   RW          595    .data               timer.o
    0x200000b8   0x00000068   Data   RW          861    .data               loramac.o
    0x20000120   0x00000020   Data   RW         1066    .data               loramaccrypto.o
    0x20000140   0x00000054   Data   RW         2172    .data               regioneu868.o
    0x20000194   0x00000002   Data   RW         3092    .data               board.o
    0x20000196   0x00000002   PAD
    0x20000198   0x0000000c   Data   RW         3281    .data               rtc-board.o
    0x200001a4   0x00000004   Data   RW         3565    .data               utilities.o
    0x200001a8   0x00000021   Data   RW         3624    .data               main.o
    0x200001c9   0x00000003   PAD
    0x200001cc   0x00000004   Data   RW         4262    .data               stm32l0xx_hal.o
    0x200001d0   0x00000004   Data   RW         6779    .data               system_stm32l0xx.o
    0x200001d4   0x00000004   Data   RW         7143    .data               mc_p.l(stdout.o)
    0x200001d8   0x000001e8   Zero   RW           44    .bss                radio.o
    0x200003c0   0x00000470   Zero   RW          859    .bss                loramac.o
    0x20000830   0x0000022c   Zero   RW         1065    .bss                loramaccrypto.o
    0x20000a5c   0x000000c0   Zero   RW         2170    .bss                regioneu868.o
    0x20000b1c   0x00000040   Zero   RW         3195    .bss                gpio-board.o
    0x20000b5c   0x0000003c   Zero   RW         3279    .bss                rtc-board.o
    0x20000b98   0x000000b0   Zero   RW         3387    .bss                spi-board.o
    0x20000c48   0x00000018   Zero   RW         3449    .bss                sx1262dvk1das-board.o
    0x20000c60   0x00000014   Zero   RW         3623    .bss                main.o
    0x20000c74   0x00000080   Zero   RW         3699    .bss                usart.o
    0x20000cf4   0x00000004   PAD
    0x20000cf8   0x00000400   Zero   RW            1    STACK               startup_stm32l071xx.o


==============================================================================

Image component sizes


      Code (inc. data)   RO Data    RW Data    ZI Data      Debug   Object Name

      1304         12        768          0          0      13780   aes.o
        84         16          0          2          0      10797   board.o
       554          0          0          0          0       4185   cmac.o
         8          0          0          0          0     329757   delay-board.o
         8          0          0          0          0        782   delay.o
       694         38          0          0         64       6054   gpio-board.o
        40          0          0          0          0       2329   gpio.o
      6694        464         16        104       1136      38723   loramac.o
       604         42          0         32        556       5335   loramaccrypto.o
       660        206          0         33         20       7104   main.o
      2360        230        288        168        488      37522   radio.o
       426          0          0          0          0      34137   region.o
         0          0          0          0          0       1116   regionas923.o
      1038         22          0          0          0      12466   regioncommon.o
      2654        288         92         84        192      23044   regioneu868.o
      1248        116         24         12         60      11310   rtc-board.o
       532         38          0          0        176       3600   spi-board.o
        28          8        192          0       1024        628   startup_stm32l071xx.o
       144         20          0          4          0       3731   stm32l0xx_hal.o
       144         24          0          0          0      10617   stm32l0xx_hal_cortex.o
       434         38          0          0          0       3566   stm32l0xx_hal_gpio.o
        24          4          0          0          0        426   stm32l0xx_hal_msp.o
      1612         88          0          0          0       5556   stm32l0xx_hal_rcc.o
       376         14          0          0          0       1456   stm32l0xx_hal_rcc_ex.o
      1748         42          0          0          0      11837   stm32l0xx_hal_rtc.o
        62          0          0          0          0       2119   stm32l0xx_hal_rtc_ex.o
       130          0          0          0          0       1681   stm32l0xx_hal_spi.o
      1280         84          0          0          0       6457   stm32l0xx_hal_uart.o
        16          0          0          0          0       2083   stm32l0xx_it.o
       862         68          0          0         24      11345   sx1262dvk1das-board.o
      1744        174          0          8          0      24415   sx126x.o
        84         18         33          4          0       1199   system_stm32l0xx.o
       522         28          0          8          0       7630   timer.o
       176         28          0          0        128       2126   usart.o
       144         24          0          4          0       3619   utilities.o

    ----------------------------------------------------------------------
     28482       2134       1448        468       3872     642532   Object Totals
         0          0         32          0          0          0   (incl. Generated)
        44          0          3          5          4          0   (incl. Padding)

    ----------------------------------------------------------------------

      Code (inc. data)   RO Data    RW Data    ZI Data      Debug   Library Member Name

       200         20          0          0          0         76   ceil.o
       200         20          0          0          0         76   floor.o
         8          0          0          0          0         68   rint.o
       156         14          0          0          0         84   round.o
        86          0          0          0          0          0   __dczerorl2.o
         0          0          0          0          0          0   entry.o
         0          0          0          0          0          0   entry10a.o
         0          0          0          0          0          0   entry11a.o
         8          4          0          0          0          0   entry2.o
         4          0          0          0          0          0   entry5.o
         0          0          0          0          0          0   entry7b.o
         0          0          0          0          0          0   entry8b.o
         8          4          0          0          0          0   entry9a.o
        30          0          0          0          0          0   handlers.o
        40          0          0          0          0         72   idiv.o
        36          8          0          0          0         68   init.o
         0          0          0          0          0          0   iusefp.o
        32          0          0          0          0         68   llshl.o
        38          0          0          0          0         68   llsshr.o
        34          0          0          0          0         68   llushr.o
        36          0          0          0          0         60   memcpya.o
        36          0          0          0          0        100   memseta.o
       368         12          0          0          0        168   printf1.o
         0          0          0          4          0          0   stdout.o
        44          0          0          0          0         72   uidiv.o
        96          0          0          0          0         84   uldiv.o
        20          0          0          0          0         60   uread4.o
        40          2          0          0          0         68   cdcmple.o
        40          2          0          0          0         68   cdrcmple.o
       356          4          0          0          0        140   dadd.o
       240          6          0          0          0         84   ddiv.o
       236          0          0          0          0        216   depilogue.o
        72         10          0          0          0         72   dfixi.o
        60         10          0          0          0         68   dfixui.o
        40          6          0          0          0         68   dflti.o
        28          4          0          0          0         68   dfltui.o
       208          6          0          0          0         88   dmul.o
       124         10          0          0          0         76   drnd.o
        44          0          0          0          0         72   dscalb.o
        40          0          0          0          0         60   f2d.o
       178          0          0          0          0        108   fadd.o
       130          0          0          0          0        144   fepilogue.o
        14          0          0          0          0         68   ffltui.o

    ----------------------------------------------------------------------
      3338        142          0          4          0       2660   Library Totals
         8          0          0          0          0          0   (incl. Padding)

    ----------------------------------------------------------------------

      Code (inc. data)   RO Data    RW Data    ZI Data      Debug   Library Name

       564         54          0          0          0        304   m_ps.l
       916         28          0          4          0        888   mc_p.l
      1850         60          0          0          0       1468   mf_p.l

    ----------------------------------------------------------------------
      3338        142          0          4          0       2660   Library Totals

    ----------------------------------------------------------------------

==============================================================================


      Code (inc. data)   RO Data    RW Data    ZI Data      Debug   

     31820       2276       1448        472       3872     630528   Grand Totals
     31820       2276       1448         88       3872     630528   ELF Image Totals (compressed)
     31820       2276       1448         88          0          0   ROM Totals

==============================================================================

    Total RO  Size (Code + RO Data)                33268 (  32.49kB)
    Total RW  Size (RW Data + ZI Data)              4344 (   4.24kB)
    Total ROM Size (Code + RO Data + RW Data)      33356 (  32.57kB)

==============================================================================

