<html>
<body>
<pre>
<h1>µVision Build Log</h1>
<h2>Tool Versions:</h2>
IDE-Version: ¦ÌVision V5.22.0.0
Copyright (C) 2016 ARM Ltd and ARM Germany GmbH. All rights reserved.
License Information: c Microsoft, Microsoft, LIC=4ZLTG-V09VL-PGH7L-0T6L5-E1BVQ-G6P08
 
Tool Versions:
Toolchain:       MDK-ARM Professional  Version: 5.22
Toolchain Path:  C:\Keil_v5\ARM\ARMCC\Bin
C Compiler:      Armcc.exe V5.06 update 4 (build 422)
Assembler:       Armasm.exe V5.06 update 4 (build 422)
Linker/Locator:  ArmLink.exe V5.06 update 4 (build 422)
Library Manager: ArmAr.exe V5.06 update 4 (build 422)
Hex Converter:   FromElf.exe V5.06 update 4 (build 422)
CPU DLL:         SARMCM3.DLL V5.22
Dialog DLL:      DARMCM1.DLL V1.15.0.0
Target DLL:      Segger\JL2CM3.dll V2.99.23.0
Dialog DLL:      TARMCM1.DLL V1.11.0.0
 
<h2>Project:</h2>
C:\Users\Administrator\Desktop\SX1262\STM32L071_1262\MDK-ARM\STM32L071_1262.uvprojx
Project File Date:  02/22/2020

<h2>Output:</h2>
*** Using Compiler 'V5.06 update 4 (build 422)', folder: 'C:\Keil_v5\ARM\ARMCC\Bin'
Build target 'STM32L071_1262'
compiling main.c...
../Src/main.c(68): warning:  #1215-D: #warning directive: "No active region defined, LORAMAC_REGION_EU868 will be used as default."
  #warning "No active region defined, LORAMAC_REGION_EU868 will be used as default."
../Src/main.c(394): warning:  #188-D: enumerated type mixed with another type
  	LoRaMacStatus_t lora_state=0;
../Src/main.c(126): warning:  #177-D: variable "NwkSKey"  was declared but never referenced
  static uint8_t NwkSKey[] = LORAWAN_NWKSKEY;
../Src/main.c(127): warning:  #177-D: variable "AppSKey"  was declared but never referenced
  static uint8_t AppSKey[] = LORAWAN_APPSKEY;
../Src/main.c(132): warning:  #177-D: variable "DevAddr"  was declared but never referenced
  static uint32_t DevAddr = LORAWAN_DEVICE_ADDRESS;
../Src/main.c(139): warning:  #177-D: variable "AppPort"  was declared but never referenced
  static uint8_t AppPort = LORAWAN_APP_PORT;
../Src/main.c(144): warning:  #177-D: variable "AppDataSize"  was declared but never referenced
  static uint8_t AppDataSize = 16;
../Src/main.c(145): warning:  #177-D: variable "AppDataSizeBackup"  was declared but never referenced
  static uint8_t AppDataSizeBackup = 16;
../Src/main.c(154): warning:  #177-D: variable "AppData"  was declared but never referenced
  static uint8_t AppData[LORAWAN_APP_DATA_MAX_SIZE];
../Src/main.c(159): warning:  #177-D: variable "IsTxConfirmed"  was declared but never referenced
  static uint8_t IsTxConfirmed = LORAWAN_CONFIRMED_MSG_ON;
../Src/main.c(164): warning:  #177-D: variable "TxDutyCycleTime"  was declared but never referenced
  static uint32_t TxDutyCycleTime;
../Src/main.c(169): warning:  #177-D: variable "TxNextPacketTimer"  was declared but never referenced
  static TimerEvent_t TxNextPacketTimer;
../Src/main.c(179): warning:  #177-D: variable "Led1Timer"  was declared but never referenced
  static TimerEvent_t Led1Timer;
../Src/main.c(189): warning:  #177-D: variable "NextTx"  was declared but never referenced
  static bool NextTx = true;
../Src/main.c(201): warning:  #550-D: variable "DeviceState"  was set but never used
  }DeviceState;
../Src/main.c: 15 warnings, 0 errors
compiling board.c...
..\boards\STM32L071\board.c(63): warning:  #177-D: function "SystemClockConfig"  was declared but never referenced
  static void SystemClockConfig( void );
..\boards\STM32L071\board.c(199): warning:  #177-D: function "CalibrateSystemWakeupTime"  was declared but never referenced
  void CalibrateSystemWakeupTime( void )
..\boards\STM32L071\board.c(213): warning:  #177-D: function "SystemClockReConfig"  was declared but never referenced
  void SystemClockReConfig( void )
..\boards\STM32L071\board.c(83): warning:  #177-D: variable "McuInitialized"  was declared but never referenced
  static bool McuInitialized = false;
..\boards\STM32L071\board.c: 4 warnings, 0 errors
linking...
Program Size: Code=31820 RO-data=1448 RW-data=472 ZI-data=3872  
FromELF: creating hex file...
"STM32L071_1262\STM32L071_1262.axf" - 0 Error(s), 19 Warning(s).

<h2>Software Packages used:</h2>

Package Vendor: ARM
                http://www.keil.com/pack/ARM.CMSIS.5.0.0.pack
                ARM::CMSIS:CORE:5.0.0
                CMSIS (Cortex Microcontroller Software Interface Standard)
   * Component: CORE Version: 5.0.0

<h2>Collection of Component include folders:</h2>
  C:\Users\Administrator\Desktop\SX1262\STM32L071_1262\MDK-ARM\RTE\_STM32L071_1262
  C:\Keil_v5\ARM\PACK\ARM\CMSIS\5.0.0\CMSIS\Include
  C:\Keil_v5\ARM\PACK\Keil\STM32L0xx_DFP\2.0.1\Drivers\CMSIS\Device\ST\STM32L0xx\Include

<h2>Collection of Component Files used:</h2>

   * Component: ARM::CMSIS:CORE:5.0.0
Build Time Elapsed:  00:00:06
</pre>
</body>
</html>
